Archive member included to satisfy reference by file (symbol)

libFreeRTOS.a(tasks.c.obj)    CMakeFiles/FreeRTOS_Blink.dir/src/main.c.obj (xTaskCreate)
libFreeRTOS.a(timers.c.obj)   libFreeRTOS.a(tasks.c.obj) (xTimerCreateTimerTask)
libFreeRTOS.a(port.c.obj)     libFreeRTOS.a(tasks.c.obj) (pxPortInitialiseStack)
libFreeRTOS.a(heap_4.c.obj)   libFreeRTOS.a(tasks.c.obj) (pvPortMalloc)
libFreeRTOS.a(list.c.obj)     libFreeRTOS.a(tasks.c.obj) (vListInitialise)
libFreeRTOS.a(queue.c.obj)    libFreeRTOS.a(timers.c.obj) (xQueueGenericCreate)
C:/PROGRA~1/RASPBE~1/PICOSD~1.1/GCC-AR~1/bin/../lib/gcc/arm-none-eabi/13.3.1/thumb/v6-m/nofp\libgcc.a(_dvmd_tls.o)
                              CMakeFiles/FreeRTOS_Blink.dir/C_/Program_Files/Raspberry_Pi/Pico_SDK_v1.5.1/pico-sdk/src/rp2_common/pico_divider/divider.S.obj (__aeabi_idiv0)
C:/PROGRA~1/RASPBE~1/PICOSD~1.1/GCC-AR~1/bin/../lib/gcc/arm-none-eabi/13.3.1/thumb/v6-m/nofp\libg.a(libc_a-calloc.o)
                              CMakeFiles/FreeRTOS_Blink.dir/C_/Program_Files/Raspberry_Pi/Pico_SDK_v1.5.1/pico-sdk/src/rp2_common/pico_malloc/pico_malloc.c.obj (calloc)
C:/PROGRA~1/RASPBE~1/PICOSD~1.1/GCC-AR~1/bin/../lib/gcc/arm-none-eabi/13.3.1/thumb/v6-m/nofp\libg.a(libc_a-callocr.o)
                              C:/PROGRA~1/RASPBE~1/PICOSD~1.1/GCC-AR~1/bin/../lib/gcc/arm-none-eabi/13.3.1/thumb/v6-m/nofp\libg.a(libc_a-calloc.o) (_calloc_r)
C:/PROGRA~1/RASPBE~1/PICOSD~1.1/GCC-AR~1/bin/../lib/gcc/arm-none-eabi/13.3.1/thumb/v6-m/nofp\libg.a(libc_a-malloc.o)
                              CMakeFiles/FreeRTOS_Blink.dir/C_/Program_Files/Raspberry_Pi/Pico_SDK_v1.5.1/pico-sdk/src/rp2_common/pico_malloc/pico_malloc.c.obj (malloc)
C:/PROGRA~1/RASPBE~1/PICOSD~1.1/GCC-AR~1/bin/../lib/gcc/arm-none-eabi/13.3.1/thumb/v6-m/nofp\libg.a(libc_a-mallocr.o)
                              C:/PROGRA~1/RASPBE~1/PICOSD~1.1/GCC-AR~1/bin/../lib/gcc/arm-none-eabi/13.3.1/thumb/v6-m/nofp\libg.a(libc_a-callocr.o) (_malloc_r)
C:/PROGRA~1/RASPBE~1/PICOSD~1.1/GCC-AR~1/bin/../lib/gcc/arm-none-eabi/13.3.1/thumb/v6-m/nofp\libg.a(libc_a-mlock.o)
                              C:/PROGRA~1/RASPBE~1/PICOSD~1.1/GCC-AR~1/bin/../lib/gcc/arm-none-eabi/13.3.1/thumb/v6-m/nofp\libg.a(libc_a-mallocr.o) (__malloc_lock)
C:/PROGRA~1/RASPBE~1/PICOSD~1.1/GCC-AR~1/bin/../lib/gcc/arm-none-eabi/13.3.1/thumb/v6-m/nofp\libg.a(libc_a-realloc.o)
                              CMakeFiles/FreeRTOS_Blink.dir/C_/Program_Files/Raspberry_Pi/Pico_SDK_v1.5.1/pico-sdk/src/rp2_common/pico_malloc/pico_malloc.c.obj (realloc)
C:/PROGRA~1/RASPBE~1/PICOSD~1.1/GCC-AR~1/bin/../lib/gcc/arm-none-eabi/13.3.1/thumb/v6-m/nofp\libg.a(libc_a-reallocr.o)
                              C:/PROGRA~1/RASPBE~1/PICOSD~1.1/GCC-AR~1/bin/../lib/gcc/arm-none-eabi/13.3.1/thumb/v6-m/nofp\libg.a(libc_a-realloc.o) (_realloc_r)
C:/PROGRA~1/RASPBE~1/PICOSD~1.1/GCC-AR~1/bin/../lib/gcc/arm-none-eabi/13.3.1/thumb/v6-m/nofp\libg.a(libc_a-memmove.o)
                              C:/PROGRA~1/RASPBE~1/PICOSD~1.1/GCC-AR~1/bin/../lib/gcc/arm-none-eabi/13.3.1/thumb/v6-m/nofp\libg.a(libc_a-reallocr.o) (memmove)
C:/PROGRA~1/RASPBE~1/PICOSD~1.1/GCC-AR~1/bin/../lib/gcc/arm-none-eabi/13.3.1/thumb/v6-m/nofp\libg.a(libc_a-impure.o)
                              C:/PROGRA~1/RASPBE~1/PICOSD~1.1/GCC-AR~1/bin/../lib/gcc/arm-none-eabi/13.3.1/thumb/v6-m/nofp\libg.a(libc_a-calloc.o) (_impure_ptr)
C:/PROGRA~1/RASPBE~1/PICOSD~1.1/GCC-AR~1/bin/../lib/gcc/arm-none-eabi/13.3.1/thumb/v6-m/nofp\libg.a(libc_a-sbrkr.o)
                              C:/PROGRA~1/RASPBE~1/PICOSD~1.1/GCC-AR~1/bin/../lib/gcc/arm-none-eabi/13.3.1/thumb/v6-m/nofp\libg.a(libc_a-mallocr.o) (_sbrk_r)
C:/PROGRA~1/RASPBE~1/PICOSD~1.1/GCC-AR~1/bin/../lib/gcc/arm-none-eabi/13.3.1/thumb/v6-m/nofp\libg.a(libc_a-errno.o)
                              C:/PROGRA~1/RASPBE~1/PICOSD~1.1/GCC-AR~1/bin/../lib/gcc/arm-none-eabi/13.3.1/thumb/v6-m/nofp\libg.a(libc_a-callocr.o) (__errno)
C:/PROGRA~1/RASPBE~1/PICOSD~1.1/GCC-AR~1/bin/../lib/gcc/arm-none-eabi/13.3.1/thumb/v6-m/nofp\libg.a(libc_a-init.o)
                              C:/PROGRA~1/RASPBE~1/PICOSD~1.1/GCC-AR~1/bin/../lib/gcc/arm-none-eabi/13.3.1/thumb/v6-m/nofp/crt0.o (__libc_init_array)
C:/PROGRA~1/RASPBE~1/PICOSD~1.1/GCC-AR~1/bin/../lib/gcc/arm-none-eabi/13.3.1/thumb/v6-m/nofp\libg.a(libc_a-lock.o)
                              C:/PROGRA~1/RASPBE~1/PICOSD~1.1/GCC-AR~1/bin/../lib/gcc/arm-none-eabi/13.3.1/thumb/v6-m/nofp\libg.a(libc_a-mlock.o) (__retarget_lock_acquire_recursive)
C:/PROGRA~1/RASPBE~1/PICOSD~1.1/GCC-AR~1/bin/../lib/gcc/arm-none-eabi/13.3.1/thumb/v6-m/nofp\libg.a(libc_a-sysconf.o)
                              C:/PROGRA~1/RASPBE~1/PICOSD~1.1/GCC-AR~1/bin/../lib/gcc/arm-none-eabi/13.3.1/thumb/v6-m/nofp\libg.a(libc_a-mallocr.o) (sysconf)
C:/PROGRA~1/RASPBE~1/PICOSD~1.1/GCC-AR~1/bin/../lib/gcc/arm-none-eabi/13.3.1/thumb/v6-m/nofp\libg.a(libc_a-strlen-stub.o)
[...]
Memory Configuration

Name             Origin             Length             Attributes
FLASH            0x10000000         0x00200000         xr
RAM              0x20000000         0x00040000         xrw
SCRATCH_X        0x20040000         0x00001000         xrw
SCRATCH_Y        0x20041000         0x00001000         xrw
*default*        0x00000000         0xffffffff

Linker script and memory map

LOAD C:/PROGRA~1/RASPBE~1/PICOSD~1.1/GCC-AR~1/bin/../lib/gcc/arm-none-eabi/13.3.1/thumb/v6-m/nofp/crti.o
LOAD C:/PROGRA~1/RASPBE~1/PICOSD~1.1/GCC-AR~1/bin/../lib/gcc/arm-none-eabi/13.3.1/thumb/v6-m/nofp/crtbegin.o
LOAD C:/PROGRA~1/RASPBE~1/PICOSD~1.1/GCC-AR~1/bin/../lib/gcc/arm-none-eabi/13.3.1/thumb/v6-m/nofp/crt0.o

.flash_begin    0x10000000        0x0
                0x10000000                        __flash_binary_start = .

.boot2          0x10000000      0x100
                0x10000000                        __boot2_start__ = .
 *(.boot2)
 .boot2         0x10000000      0x100 C:\Users\hp\AppData\Local\Temp\ccyzUCtm.o
                0x10000100                        __boot2_end__ = .
                0x00000001                        ASSERT (((__boot2_end__ - __boot2_start__) == 0x100), ERROR: Pico second stage bootloader must be 256 bytes in size)

.text           0x10000100     0x8ff0
                0x10000100                        __logical_binary_start = .
 *(.vectors)
 .vectors       0x10000100       0xd4 CMakeFiles/FreeRTOS_Blink.dir/C_/Program_Files/Raspberry_Pi/Pico_SDK_v1.5.1/pico-sdk/src/rp2_common/pico_standard_link/crt0.S.obj
                0x10000100                __vectors
                0x10000100                __VECTOR_TABLE
                0x100001c0                isr_invalid
                0x100001c0                __default_isrs_start
                0x100001c2                isr_nmi
                0x100001c4                isr_hardfault
                0x100001cc                isr_irq11
                0x100001cc                isr_irq23
                0x100001cc                isr_irq18
                0x100001cc                isr_irq5
                0x100001cc                isr_irq31
                0x100001cc                isr_irq27
                0x100001cc                isr_irq19
                0x100001cc                isr_irq0
                0x100001cc                isr_irq6
                0x100001cc                isr_irq13
                0x100001cc                isr_irq12
                0x100001cc                isr_irq22
                0x100001cc                __unhandled_user_irq
                0x100001cc                isr_irq17
                0x100001cc                isr_irq14
                0x100001cc                isr_irq28
                0x100001cc                isr_irq2
                0x100001cc                isr_irq10
                0x100001cc                isr_irq8
                0x100001cc                isr_irq24
                0x100001cc                isr_irq1
                0x100001cc                isr_irq7
                0x100001cc                isr_irq21
                0x100001cc                isr_irq20
                0x100001cc                isr_irq15
                0x100001cc                isr_irq25
                0x100001cc                isr_irq30
                0x100001cc                isr_irq4
                0x100001cc                isr_irq16
                0x100001cc                isr_irq29
                0x100001cc                isr_irq26
                0x100001cc                __default_isrs_end
                0x100001cc                isr_irq3
                0x100001cc                isr_irq9
                0x100001d2                unhandled_user_irq_num_in_r0
 *(.binary_info_header)
 .binary_info_header
                0x100001d4       0x14 CMakeFiles/FreeRTOS_Blink.dir/C_/Program_Files/Raspberry_Pi/Pico_SDK_v1.5.1/pico-sdk/src/rp2_common/pico_standard_link/crt0.S.obj
                0x100001e8                        __binary_info_header_end = .
 *(.reset)
 .reset         0x100001e8       0xa0 CMakeFiles/FreeRTOS_Blink.dir/C_/Program_Files/Raspberry_Pi/Pico_SDK_v1.5.1/pico-sdk/src/rp2_common/pico_standard_link/crt0.S.obj
                0x100001e8                _entry_point
 .reset         0x10000288       0x30 CMakeFiles/FreeRTOS_Blink.dir/C_/Program_Files/Raspberry_Pi/Pico_SDK_v1.5.1/pico-sdk/src/rp2_common/pico_standard_link/binary_info.c.obj
 *(.init)
 .init          0x100002b8        0x4 C:/PROGRA~1/RASPBE~1/PICOSD~1.1/GCC-AR~1/bin/../lib/gcc/arm-none-eabi/13.3.1/thumb/v6-m/nofp/crti.o
                0x100002b8                _init
 *(EXCLUDE_FILE(*libm.a: *libc.a:*lib_a-mem*.o *libgcc.a:) .text*)
 .text.register_tm_clones
                0x100002bc       0x28 C:/PROGRA~1/RASPBE~1/PICOSD~1.1/GCC-AR~1/bin/../lib/gcc/arm-none-eabi/13.3.1/thumb/v6-m/nofp/crtbegin.o
 .text.frame_dummy
                0x100002e4       0x24 C:/PROGRA~1/RASPBE~1/PICOSD~1.1/GCC-AR~1/bin/../lib/gcc/arm-none-eabi/13.3.1/thumb/v6-m/nofp/crtbegin.o
 .text.vSensorTask
                0x10000308       0x54 CMakeFiles/FreeRTOS_Blink.dir/src/main.c.obj
                0x10000308                vSensorTask
 .text.vResetButtonTask
                0x1000035c       0x20 CMakeFiles/FreeRTOS_Blink.dir/src/main.c.obj
                0x1000035c                vResetButtonTask
 .text.vBuzzerTask
                0x1000037c       0x44 CMakeFiles/FreeRTOS_Blink.dir/src/main.c.obj
                0x1000037c                vBuzzerTask
 .text.vServoTask
                0x100003c0       0x5c CMakeFiles/FreeRTOS_Blink.dir/src/main.c.obj
                0x100003c0                vServoTask
 .text.main     0x1000041c       0x78 CMakeFiles/FreeRTOS_Blink.dir/src/main.c.obj
                0x1000041c                main
 .text.initSensor
                0x10000494       0x38 CMakeFiles/FreeRTOS_Blink.dir/src/sensor.c.obj
                0x10000494                initSensor
 .text.readSensor1
                0x100004cc       0x12 CMakeFiles/FreeRTOS_Blink.dir/src/sensor.c.obj
                0x100004cc                readSensor1
 .text.readSensor2
                0x100004de       0x12 CMakeFiles/FreeRTOS_Blink.dir/src/sensor.c.obj
                0x100004de                readSensor2
 .text.readSensor3
                0x100004f0       0x12 CMakeFiles/FreeRTOS_Blink.dir/src/sensor.c.obj
                0x100004f0                readSensor3
 .text.readSensor4
                0x10000502       0x12 CMakeFiles/FreeRTOS_Blink.dir/src/sensor.c.obj
                0x10000502                readSensor4
 .text.pwm_set_chan_level
                0x10000514       0x40 CMakeFiles/FreeRTOS_Blink.dir/src/servo.c.obj
 .text.initMotor
                0x10000554       0x34 CMakeFiles/FreeRTOS_Blink.dir/src/servo.c.obj
                0x10000554                initMotor
 .text.angle_to_pulse
                0x10000588       0x2c CMakeFiles/FreeRTOS_Blink.dir/src/servo.c.obj
                0x10000588                angle_to_pulse
 .text.rotateMotor
                0x100005b4       0x24 CMakeFiles/FreeRTOS_Blink.dir/src/servo.c.obj
                0x100005b4                rotateMotor
 .text.gotoorigin
                0x100005d8       0x6c CMakeFiles/FreeRTOS_Blink.dir/src/servo.c.obj
                0x100005d8                gotoorigin
 .text.rotatetosensor1
                0x10000644       0x30 CMakeFiles/FreeRTOS_Blink.dir/src/servo.c.obj
                0x10000644                rotatetosensor1
 .text.rotatetosensor2
                0x10000674       0x34 CMakeFiles/FreeRTOS_Blink.dir/src/servo.c.obj
                0x10000674                rotatetosensor2
 .text.rotatetosensor3
                0x100006a8       0x3c CMakeFiles/FreeRTOS_Blink.dir/src/servo.c.obj
                0x100006a8                rotatetosensor3
 .text.rotatetosensor4
                0x100006e4       0x40 CMakeFiles/FreeRTOS_Blink.dir/src/servo.c.obj
                0x100006e4                rotatetosensor4
 .text.initresetbutton
                0x10000724       0x12 CMakeFiles/FreeRTOS_Blink.dir/src/resetbutton.c.obj
                0x10000724                initresetbutton
 .text.readresetbutton
                0x10000736       0x12 CMakeFiles/FreeRTOS_Blink.dir/src/resetbutton.c.obj
                0x10000736                readresetbutton
 .text.initBuzzer
                0x10000748       0x14 CMakeFiles/FreeRTOS_Blink.dir/src/buzzer.c.obj
                0x10000748                initBuzzer
 .text.Buzzeron
                0x1000075c        0xa CMakeFiles/FreeRTOS_Blink.dir/src/buzzer.c.obj
                0x1000075c                Buzzeron
 .text.Buzzeroff
                0x10000766        0xa CMakeFiles/FreeRTOS_Blink.dir/src/buzzer.c.obj
                0x10000766                Buzzeroff
 .text.gpio_set_function
                0x10000770       0x30 CMakeFiles/FreeRTOS_Blink.dir/C_/Program_Files/Raspberry_Pi/Pico_SDK_v1.5.1/pico-sdk/src/rp2_common/hardware_gpio/gpio.c.obj
                0x10000770                gpio_set_function
 .text.gpio_init
                0x100007a0       0x16 CMakeFiles/FreeRTOS_Blink.dir/C_/Program_Files/Raspberry_Pi/Pico_SDK_v1.5.1/pico-sdk/src/rp2_common/hardware_gpio/gpio.c.obj
                0x100007a0                gpio_init
 *fill*         0x100007b6        0x2 
 .text.running_on_fpga
                0x100007b8       0x14 CMakeFiles/FreeRTOS_Blink.dir/C_/Program_Files/Raspberry_Pi/Pico_SDK_v1.5.1/pico-sdk/src/rp2_common/pico_platform/platform.c.obj
                0x100007b8                running_on_fpga
 .text.hw_claim_lock
                0x100007cc       0x18 CMakeFiles/FreeRTOS_Blink.dir/C_/Program_Files/Raspberry_Pi/Pico_SDK_v1.5.1/pico-sdk/src/rp2_common/hardware_claim/claim.c.obj
                0x100007cc                hw_claim_lock
 .text.hw_claim_unlock
                0x100007e4       0x14 CMakeFiles/FreeRTOS_Blink.dir/C_/Program_Files/Raspberry_Pi/Pico_SDK_v1.5.1/pico-sdk/src/rp2_common/hardware_claim/claim.c.obj
                0x100007e4                hw_claim_unlock
 .text.hw_claim_or_assert
                0x100007f8       0x32 CMakeFiles/FreeRTOS_Blink.dir/C_/Program_Files/Raspberry_Pi/Pico_SDK_v1.5.1/pico-sdk/src/rp2_common/hardware_claim/claim.c.obj
                0x100007f8                hw_claim_or_assert
 .text.hw_claim_unused_from_range
                0x1000082a       0x50 CMakeFiles/FreeRTOS_Blink.dir/C_/Program_Files/Raspberry_Pi/Pico_SDK_v1.5.1/pico-sdk/src/rp2_common/hardware_claim/claim.c.obj
                0x1000082a                hw_claim_unused_from_range
 *fill*         0x1000087a        0x2 
 .text.spin_locks_reset
                0x1000087c       0x20 CMakeFiles/FreeRTOS_Blink.dir/C_/Program_Files/Raspberry_Pi/Pico_SDK_v1.5.1/pico-sdk/src/rp2_common/hardware_sync/sync.c.obj
                0x1000087c                spin_locks_reset
 .text.next_striped_spin_lock_num
                0x1000089c       0x1c CMakeFiles/FreeRTOS_Blink.dir/C_/Program_Files/Raspberry_Pi/Pico_SDK_v1.5.1/pico-sdk/src/rp2_common/hardware_sync/sync.c.obj
                0x1000089c                next_striped_spin_lock_num
 .text.spin_lock_claim_unused
                0x100008b8       0x24 CMakeFiles/FreeRTOS_Blink.dir/C_/Program_Files/Raspberry_Pi/Pico_SDK_v1.5.1/pico-sdk/src/rp2_common/hardware_sync/sync.c.obj
                0x100008b8                spin_lock_claim_unused
 .text.set_raw_irq_handler_and_unlock
                0x100008dc       0x28 CMakeFiles/FreeRTOS_Blink.dir/C_/Program_Files/Raspberry_Pi/Pico_SDK_v1.5.1/pico-sdk/src/rp2_common/hardware_irq/irq.c.obj
 .text.resolve_branch
                0x10000904       0x30 CMakeFiles/FreeRTOS_Blink.dir/C_/Program_Files/Raspberry_Pi/Pico_SDK_v1.5.1/pico-sdk/src/rp2_common/hardware_irq/irq.c.obj
 .text.make_branch
                0x10000934       0x48 CMakeFiles/FreeRTOS_Blink.dir/C_/Program_Files/Raspberry_Pi/Pico_SDK_v1.5.1/pico-sdk/src/rp2_common/hardware_irq/irq.c.obj
 .text.insert_branch_and_link
                0x1000097c       0x40 CMakeFiles/FreeRTOS_Blink.dir/C_/Program_Files/Raspberry_Pi/Pico_SDK_v1.5.1/pico-sdk/src/rp2_common/hardware_irq/irq.c.obj
 .text.irq_is_enabled
                0x100009bc       0x18 CMakeFiles/FreeRTOS_Blink.dir/C_/Program_Files/Raspberry_Pi/Pico_SDK_v1.5.1/pico-sdk/src/rp2_common/hardware_irq/irq.c.obj
                0x100009bc                irq_is_enabled
 .text.irq_set_mask_enabled
                0x100009d4       0x20 CMakeFiles/FreeRTOS_Blink.dir/C_/Program_Files/Raspberry_Pi/Pico_SDK_v1.5.1/pico-sdk/src/rp2_common/hardware_irq/irq.c.obj
                0x100009d4                irq_set_mask_enabled
 .text.irq_set_enabled
                0x100009f4        0xe CMakeFiles/FreeRTOS_Blink.dir/C_/Program_Files/Raspberry_Pi/Pico_SDK_v1.5.1/pico-sdk/src/rp2_common/hardware_irq/irq.c.obj
                0x100009f4                irq_set_enabled
 *fill*         0x10000a02        0x2 
 .text.irq_set_pending
                0x10000a04       0x10 CMakeFiles/FreeRTOS_Blink.dir/C_/Program_Files/Raspberry_Pi/Pico_SDK_v1.5.1/pico-sdk/src/rp2_common/hardware_irq/irq.c.obj
                0x10000a04                irq_set_pending
 .text.irq_get_vtable_handler
                0x10000a14       0x10 CMakeFiles/FreeRTOS_Blink.dir/C_/Program_Files/Raspberry_Pi/Pico_SDK_v1.5.1/pico-sdk/src/rp2_common/hardware_irq/irq.c.obj
                0x10000a14                irq_get_vtable_handler
 .text.irq_has_shared_handler
                0x10000a24       0x24 CMakeFiles/FreeRTOS_Blink.dir/C_/Program_Files/Raspberry_Pi/Pico_SDK_v1.5.1/pico-sdk/src/rp2_common/hardware_irq/irq.c.obj
                0x10000a24                irq_has_shared_handler
 .text.irq_set_exclusive_handler
                0x10000a48       0x54 CMakeFiles/FreeRTOS_Blink.dir/C_/Program_Files/Raspberry_Pi/Pico_SDK_v1.5.1/pico-sdk/src/rp2_common/hardware_irq/irq.c.obj
                0x10000a48                irq_set_exclusive_handler
 .text.irq_add_shared_handler
                0x10000a9c      0x210 CMakeFiles/FreeRTOS_Blink.dir/C_/Program_Files/Raspberry_Pi/Pico_SDK_v1.5.1/pico-sdk/src/rp2_common/hardware_irq/irq.c.obj
                0x10000a9c                irq_add_shared_handler
 .text.irq_remove_handler
                0x10000cac      0x188 CMakeFiles/FreeRTOS_Blink.dir/C_/Program_Files/Raspberry_Pi/Pico_SDK_v1.5.1/pico-sdk/src/rp2_common/hardware_irq/irq.c.obj
                0x10000cac                irq_remove_handler
 .text.irq_add_tail_to_free_list
                0x10000e34       0xf0 CMakeFiles/FreeRTOS_Blink.dir/C_/Program_Files/Raspberry_Pi/Pico_SDK_v1.5.1/pico-sdk/src/rp2_common/hardware_irq/irq.c.obj
                0x10000e34                irq_add_tail_to_free_list
 .text.irq_init_priorities
                0x10000f24       0x1c CMakeFiles/FreeRTOS_Blink.dir/C_/Program_Files/Raspberry_Pi/Pico_SDK_v1.5.1/pico-sdk/src/rp2_common/hardware_irq/irq.c.obj
                0x10000f24                irq_init_priorities
 .text.user_irq_claim_unused
                0x10000f40       0x2c CMakeFiles/FreeRTOS_Blink.dir/C_/Program_Files/Raspberry_Pi/Pico_SDK_v1.5.1/pico-sdk/src/rp2_common/hardware_irq/irq.c.obj
                0x10000f40                user_irq_claim_unused
 .text.lock_init
                0x10000f6c       0x10 CMakeFiles/FreeRTOS_Blink.dir/C_/Program_Files/Raspberry_Pi/Pico_SDK_v1.5.1/pico-sdk/src/common/pico_sync/lock_core.c.obj
                0x10000f6c                lock_init
 .text.update_us_since_boot
                0x10000f7c       0x24 CMakeFiles/FreeRTOS_Blink.dir/C_/Program_Files/Raspberry_Pi/Pico_SDK_v1.5.1/pico-sdk/src/common/pico_sync/mutex.c.obj
 .text.delayed_by_ms
                0x10000fa0       0x44 CMakeFiles/FreeRTOS_Blink.dir/C_/Program_Files/Raspberry_Pi/Pico_SDK_v1.5.1/pico-sdk/src/common/pico_sync/mutex.c.obj
 .text.get_absolute_time
                0x10000fe4       0x22 CMakeFiles/FreeRTOS_Blink.dir/C_/Program_Files/Raspberry_Pi/Pico_SDK_v1.5.1/pico-sdk/src/common/pico_sync/mutex.c.obj
 .text.make_timeout_time_ms
                0x10001006       0x20 CMakeFiles/FreeRTOS_Blink.dir/C_/Program_Files/Raspberry_Pi/Pico_SDK_v1.5.1/pico-sdk/src/common/pico_sync/mutex.c.obj
 .text.mutex_init
                0x10001026       0x1a CMakeFiles/FreeRTOS_Blink.dir/C_/Program_Files/Raspberry_Pi/Pico_SDK_v1.5.1/pico-sdk/src/common/pico_sync/mutex.c.obj
                0x10001026                mutex_init
 .text.recursive_mutex_init
                0x10001040       0x1e CMakeFiles/FreeRTOS_Blink.dir/C_/Program_Files/Raspberry_Pi/Pico_SDK_v1.5.1/pico-sdk/src/common/pico_sync/mutex.c.obj
                0x10001040                recursive_mutex_init
 *fill*         0x1000105e        0x2 
 .text.critical_section_init_with_lock_num
                0x10001060       0x14 CMakeFiles/FreeRTOS_Blink.dir/C_/Program_Files/Raspberry_Pi/Pico_SDK_v1.5.1/pico-sdk/src/common/pico_sync/critical_section.c.obj
                0x10001060                critical_section_init_with_lock_num
 .text.critical_section_init
                0x10001074       0x14 CMakeFiles/FreeRTOS_Blink.dir/C_/Program_Files/Raspberry_Pi/Pico_SDK_v1.5.1/pico-sdk/src/common/pico_sync/critical_section.c.obj
                0x10001074                critical_section_init
 .text.time_reached
                0x10001088       0x28 CMakeFiles/FreeRTOS_Blink.dir/C_/Program_Files/Raspberry_Pi/Pico_SDK_v1.5.1/pico-sdk/src/common/pico_time/time.c.obj
 .text.get_entry
                0x100010b0       0x38 CMakeFiles/FreeRTOS_Blink.dir/C_/Program_Files/Raspberry_Pi/Pico_SDK_v1.5.1/pico-sdk/src/common/pico_time/time.c.obj
 .text.timer_pool_entry_comparator
                0x100010e8       0x2e CMakeFiles/FreeRTOS_Blink.dir/C_/Program_Files/Raspberry_Pi/Pico_SDK_v1.5.1/pico-sdk/src/common/pico_time/time.c.obj
                0x100010e8                timer_pool_entry_comparator
 *fill*         0x10001116        0x2 
 .text.update_us_since_boot
                0x10001118       0x24 CMakeFiles/FreeRTOS_Blink.dir/C_/Program_Files/Raspberry_Pi/Pico_SDK_v1.5.1/pico-sdk/src/common/pico_time/time.c.obj
 .text.delayed_by_us
                0x1000113c       0x34 CMakeFiles/FreeRTOS_Blink.dir/C_/Program_Files/Raspberry_Pi/Pico_SDK_v1.5.1/pico-sdk/src/common/pico_time/time.c.obj
 .text.ph_get_node
                0x10001170       0x30 CMakeFiles/FreeRTOS_Blink.dir/C_/Program_Files/Raspberry_Pi/Pico_SDK_v1.5.1/pico-sdk/src/common/pico_time/time.c.obj
 .text.ph_contains_node
                0x100011a0       0x1e CMakeFiles/FreeRTOS_Blink.dir/C_/Program_Files/Raspberry_Pi/Pico_SDK_v1.5.1/pico-sdk/src/common/pico_time/time.c.obj
 .text.ph_new_node
                0x100011be       0x28 CMakeFiles/FreeRTOS_Blink.dir/C_/Program_Files/Raspberry_Pi/Pico_SDK_v1.5.1/pico-sdk/src/common/pico_time/time.c.obj
 *fill*         0x100011e6        0x2 
 .text.ph_add_child_node
                0x100011e8       0x6c CMakeFiles/FreeRTOS_Blink.dir/C_/Program_Files/Raspberry_Pi/Pico_SDK_v1.5.1/pico-sdk/src/common/pico_time/time.c.obj
 .text.ph_merge_nodes
                0x10001254       0x3e CMakeFiles/FreeRTOS_Blink.dir/C_/Program_Files/Raspberry_Pi/Pico_SDK_v1.5.1/pico-sdk/src/common/pico_time/time.c.obj
 *fill*         0x10001292        0x2 
 .text.ph_insert_node
                0x10001294       0x3c CMakeFiles/FreeRTOS_Blink.dir/C_/Program_Files/Raspberry_Pi/Pico_SDK_v1.5.1/pico-sdk/src/common/pico_time/time.c.obj
 .text.ph_free_node
                0x100012d0       0x5c CMakeFiles/FreeRTOS_Blink.dir/C_/Program_Files/Raspberry_Pi/Pico_SDK_v1.5.1/pico-sdk/src/common/pico_time/time.c.obj
 .text.get_entry_id_high
                0x1000132c       0x30 CMakeFiles/FreeRTOS_Blink.dir/C_/Program_Files/Raspberry_Pi/Pico_SDK_v1.5.1/pico-sdk/src/common/pico_time/time.c.obj
 .text.alarm_pool_post_alloc_init
                0x1000135c       0x40 CMakeFiles/FreeRTOS_Blink.dir/C_/Program_Files/Raspberry_Pi/Pico_SDK_v1.5.1/pico-sdk/src/common/pico_time/time.c.obj
 .text.sleep_until_callback
                0x1000139c       0x30 CMakeFiles/FreeRTOS_Blink.dir/C_/Program_Files/Raspberry_Pi/Pico_SDK_v1.5.1/pico-sdk/src/common/pico_time/time.c.obj
 .text.get_absolute_time
                0x100013cc       0x22 CMakeFiles/FreeRTOS_Blink.dir/C_/Program_Files/Raspberry_Pi/Pico_SDK_v1.5.1/pico-sdk/src/common/pico_time/time.c.obj
 .text.make_timeout_time_us
                0x100013ee       0x24 CMakeFiles/FreeRTOS_Blink.dir/C_/Program_Files/Raspberry_Pi/Pico_SDK_v1.5.1/pico-sdk/src/common/pico_time/time.c.obj
 *fill*         0x10001412        0x2 
 .text.add_alarm_under_lock
                0x10001414       0x94 CMakeFiles/FreeRTOS_Blink.dir/C_/Program_Files/Raspberry_Pi/Pico_SDK_v1.5.1/pico-sdk/src/common/pico_time/time.c.obj
 .text.alarm_pool_alarm_callback
                0x100014a8      0x210 CMakeFiles/FreeRTOS_Blink.dir/C_/Program_Files/Raspberry_Pi/Pico_SDK_v1.5.1/pico-sdk/src/common/pico_time/time.c.obj
 .text.alarm_pool_init_default
                0x100016b8       0x40 CMakeFiles/FreeRTOS_Blink.dir/C_/Program_Files/Raspberry_Pi/Pico_SDK_v1.5.1/pico-sdk/src/common/pico_time/time.c.obj
                0x100016b8                alarm_pool_init_default
 .text.alarm_pool_get_default
                0x100016f8       0x2c CMakeFiles/FreeRTOS_Blink.dir/C_/Program_Files/Raspberry_Pi/Pico_SDK_v1.5.1/pico-sdk/src/common/pico_time/time.c.obj
                0x100016f8                alarm_pool_get_default
 .text.alarm_pool_add_alarm_at
                0x10001724      0x10e CMakeFiles/FreeRTOS_Blink.dir/C_/Program_Files/Raspberry_Pi/Pico_SDK_v1.5.1/pico-sdk/src/common/pico_time/time.c.obj
                0x10001724                alarm_pool_add_alarm_at
 .text.add_alarm_at
                0x10001832       0x2e CMakeFiles/FreeRTOS_Blink.dir/C_/Program_Files/Raspberry_Pi/Pico_SDK_v1.5.1/pico-sdk/src/common/pico_time/time.c.obj
 .text.alarm_pool_cancel_alarm
                0x10001860       0xa8 CMakeFiles/FreeRTOS_Blink.dir/C_/Program_Files/Raspberry_Pi/Pico_SDK_v1.5.1/pico-sdk/src/common/pico_time/time.c.obj
                0x10001860                alarm_pool_cancel_alarm
 .text.cancel_alarm
                0x10001908       0x10 CMakeFiles/FreeRTOS_Blink.dir/C_/Program_Files/Raspberry_Pi/Pico_SDK_v1.5.1/pico-sdk/src/common/pico_time/time.c.obj
 .text.alarm_pool_core_num
                0x10001918        0x4 CMakeFiles/FreeRTOS_Blink.dir/C_/Program_Files/Raspberry_Pi/Pico_SDK_v1.5.1/pico-sdk/src/common/pico_time/time.c.obj
                0x10001918                alarm_pool_core_num
 .text.sleep_until
                0x1000191c       0xb0 CMakeFiles/FreeRTOS_Blink.dir/C_/Program_Files/Raspberry_Pi/Pico_SDK_v1.5.1/pico-sdk/src/common/pico_time/time.c.obj
                0x1000191c                sleep_until
 .text.sleep_us
                0x100019cc       0x1a CMakeFiles/FreeRTOS_Blink.dir/C_/Program_Files/Raspberry_Pi/Pico_SDK_v1.5.1/pico-sdk/src/common/pico_time/time.c.obj
                0x100019cc                sleep_us
 .text.sleep_ms
                0x100019e6       0x14 CMakeFiles/FreeRTOS_Blink.dir/C_/Program_Files/Raspberry_Pi/Pico_SDK_v1.5.1/pico-sdk/src/common/pico_time/time.c.obj
                0x100019e6                sleep_ms
 *fill*         0x100019fa        0x2 
 .text.best_effort_wfe_or_timeout
                0x100019fc       0x44 CMakeFiles/FreeRTOS_Blink.dir/C_/Program_Files/Raspberry_Pi/Pico_SDK_v1.5.1/pico-sdk/src/common/pico_time/time.c.obj
                0x100019fc                best_effort_wfe_or_timeout
 .text.hardware_alarm_irq_handler
                0x10001a40       0x8c CMakeFiles/FreeRTOS_Blink.dir/C_/Program_Files/Raspberry_Pi/Pico_SDK_v1.5.1/pico-sdk/src/rp2_common/hardware_timer/timer.c.obj
 .text.hardware_alarm_claim
                0x10001acc       0x18 CMakeFiles/FreeRTOS_Blink.dir/C_/Program_Files/Raspberry_Pi/Pico_SDK_v1.5.1/pico-sdk/src/rp2_common/hardware_timer/timer.c.obj
                0x10001acc                hardware_alarm_claim
 .text.time_us_64
                0x10001ae4       0x18 CMakeFiles/FreeRTOS_Blink.dir/C_/Program_Files/Raspberry_Pi/Pico_SDK_v1.5.1/pico-sdk/src/rp2_common/hardware_timer/timer.c.obj
                0x10001ae4                time_us_64
 .text.busy_wait_until
                0x10001afc       0x28 CMakeFiles/FreeRTOS_Blink.dir/C_/Program_Files/Raspberry_Pi/Pico_SDK_v1.5.1/pico-sdk/src/rp2_common/hardware_timer/timer.c.obj
                0x10001afc                busy_wait_until
 .text.hardware_alarm_set_callback
                0x10001b24       0x90 CMakeFiles/FreeRTOS_Blink.dir/C_/Program_Files/Raspberry_Pi/Pico_SDK_v1.5.1/pico-sdk/src/rp2_common/hardware_timer/timer.c.obj
                0x10001b24                hardware_alarm_set_callback
 .text.hardware_alarm_set_target
                0x10001bb4       0xe8 CMakeFiles/FreeRTOS_Blink.dir/C_/Program_Files/Raspberry_Pi/Pico_SDK_v1.5.1/pico-sdk/src/rp2_common/hardware_timer/timer.c.obj
                0x10001bb4                hardware_alarm_set_target
 .text.hardware_alarm_cancel
                0x10001c9c       0x40 CMakeFiles/FreeRTOS_Blink.dir/C_/Program_Files/Raspberry_Pi/Pico_SDK_v1.5.1/pico-sdk/src/rp2_common/hardware_timer/timer.c.obj
                0x10001c9c                hardware_alarm_cancel
 .text.ph_get_node
                0x10001cdc       0x30 CMakeFiles/FreeRTOS_Blink.dir/C_/Program_Files/Raspberry_Pi/Pico_SDK_v1.5.1/pico-sdk/src/common/pico_util/pheap.c.obj
 .text.ph_add_child_node
                0x10001d0c       0x6c CMakeFiles/FreeRTOS_Blink.dir/C_/Program_Files/Raspberry_Pi/Pico_SDK_v1.5.1/pico-sdk/src/common/pico_util/pheap.c.obj
 .text.ph_merge_nodes
                0x10001d78       0x3e CMakeFiles/FreeRTOS_Blink.dir/C_/Program_Files/Raspberry_Pi/Pico_SDK_v1.5.1/pico-sdk/src/common/pico_util/pheap.c.obj
 .text.ph_clear
                0x10001db6       0x34 CMakeFiles/FreeRTOS_Blink.dir/C_/Program_Files/Raspberry_Pi/Pico_SDK_v1.5.1/pico-sdk/src/common/pico_util/pheap.c.obj
                0x10001db6                ph_clear
 .text.ph_post_alloc_init
                0x10001dea        0xe CMakeFiles/FreeRTOS_Blink.dir/C_/Program_Files/Raspberry_Pi/Pico_SDK_v1.5.1/pico-sdk/src/common/pico_util/pheap.c.obj
                0x10001dea                ph_post_alloc_init
 .text.ph_merge_two_pass
                0x10001df8       0x5c CMakeFiles/FreeRTOS_Blink.dir/C_/Program_Files/Raspberry_Pi/Pico_SDK_v1.5.1/pico-sdk/src/common/pico_util/pheap.c.obj
                0x10001df8                ph_merge_two_pass
 .text.ph_remove_any_head
                0x10001e54       0xc0 CMakeFiles/FreeRTOS_Blink.dir/C_/Program_Files/Raspberry_Pi/Pico_SDK_v1.5.1/pico-sdk/src/common/pico_util/pheap.c.obj
 .text.ph_remove_head
                0x10001f14       0x14 CMakeFiles/FreeRTOS_Blink.dir/C_/Program_Files/Raspberry_Pi/Pico_SDK_v1.5.1/pico-sdk/src/common/pico_util/pheap.c.obj
                0x10001f14                ph_remove_head
 .text.ph_remove_and_free_node
                0x10001f28       0xa0 CMakeFiles/FreeRTOS_Blink.dir/C_/Program_Files/Raspberry_Pi/Pico_SDK_v1.5.1/pico-sdk/src/common/pico_util/pheap.c.obj
                0x10001f28                ph_remove_and_free_node
 .text.clock_configure
                0x10001fc8      0x108 CMakeFiles/FreeRTOS_Blink.dir/C_/Program_Files/Raspberry_Pi/Pico_SDK_v1.5.1/pico-sdk/src/rp2_common/hardware_clocks/clocks.c.obj
                0x10001fc8                clock_configure
 .text.clocks_init
                0x100020d0      0x100 CMakeFiles/FreeRTOS_Blink.dir/C_/Program_Files/Raspberry_Pi/Pico_SDK_v1.5.1/pico-sdk/src/rp2_common/hardware_clocks/clocks.c.obj
                0x100020d0                clocks_init
 .text.pll_init
                0x100021d0      0x120 CMakeFiles/FreeRTOS_Blink.dir/C_/Program_Files/Raspberry_Pi/Pico_SDK_v1.5.1/pico-sdk/src/rp2_common/hardware_pll/pll.c.obj
                0x100021d0                pll_init
 .text.watchdog_start_tick
                0x100022f0       0x10 CMakeFiles/FreeRTOS_Blink.dir/C_/Program_Files/Raspberry_Pi/Pico_SDK_v1.5.1/pico-sdk/src/rp2_common/hardware_watchdog/watchdog.c.obj
                0x100022f0                watchdog_start_tick
 .text.watchdog_update
                0x10002300       0x14 CMakeFiles/FreeRTOS_Blink.dir/C_/Program_Files/Raspberry_Pi/Pico_SDK_v1.5.1/pico-sdk/src/rp2_common/hardware_watchdog/watchdog.c.obj
                0x10002300                watchdog_update
 .text._watchdog_enable
                0x10002314       0x78 CMakeFiles/FreeRTOS_Blink.dir/C_/Program_Files/Raspberry_Pi/Pico_SDK_v1.5.1/pico-sdk/src/rp2_common/hardware_watchdog/watchdog.c.obj
                0x10002314                _watchdog_enable
 .text.watchdog_reboot
                0x1000238c       0x48 CMakeFiles/FreeRTOS_Blink.dir/C_/Program_Files/Raspberry_Pi/Pico_SDK_v1.5.1/pico-sdk/src/rp2_common/hardware_watchdog/watchdog.c.obj
                0x1000238c                watchdog_reboot
 .text.xosc_init
                0x100023d4       0x28 CMakeFiles/FreeRTOS_Blink.dir/C_/Program_Files/Raspberry_Pi/Pico_SDK_v1.5.1/pico-sdk/src/rp2_common/hardware_xosc/xosc.c.obj
                0x100023d4                xosc_init
 .text._exit    0x100023fc        0x4 CMakeFiles/FreeRTOS_Blink.dir/C_/Program_Files/Raspberry_Pi/Pico_SDK_v1.5.1/pico-sdk/src/rp2_common/pico_runtime/runtime.c.obj
                0x100023fc                _exit
 .text.exit     0x10002400        0x6 CMakeFiles/FreeRTOS_Blink.dir/C_/Program_Files/Raspberry_Pi/Pico_SDK_v1.5.1/pico-sdk/src/rp2_common/pico_runtime/runtime.c.obj
                0x10002400                exit
 *fill*         0x10002406        0x2 
 .text.__assert_func
                0x10002408       0x38 CMakeFiles/FreeRTOS_Blink.dir/C_/Program_Files/Raspberry_Pi/Pico_SDK_v1.5.1/pico-sdk/src/rp2_common/pico_runtime/runtime.c.obj
                0x10002408                __assert_func
 .text.runtime_init
                0x10002440       0xf8 CMakeFiles/FreeRTOS_Blink.dir/C_/Program_Files/Raspberry_Pi/Pico_SDK_v1.5.1/pico-sdk/src/rp2_common/pico_runtime/runtime.c.obj
                0x10002440                runtime_init
 .text.panic    0x10002538       0x30 CMakeFiles/FreeRTOS_Blink.dir/C_/Program_Files/Raspberry_Pi/Pico_SDK_v1.5.1/pico-sdk/src/rp2_common/pico_runtime/runtime.c.obj
                0x10002538                panic
 .text._out_null
                0x10002568        0x2 CMakeFiles/FreeRTOS_Blink.dir/C_/Program_Files/Raspberry_Pi/Pico_SDK_v1.5.1/pico-sdk/src/rp2_common/pico_printf/printf.c.obj
 .text._out_fct
                0x1000256a        0xe CMakeFiles/FreeRTOS_Blink.dir/C_/Program_Files/Raspberry_Pi/Pico_SDK_v1.5.1/pico-sdk/src/rp2_common/pico_printf/printf.c.obj
 .text._atoi    0x10002578       0x24 CMakeFiles/FreeRTOS_Blink.dir/C_/Program_Files/Raspberry_Pi/Pico_SDK_v1.5.1/pico-sdk/src/rp2_common/pico_printf/printf.c.obj
 .text._out_rev
                0x1000259c       0xae CMakeFiles/FreeRTOS_Blink.dir/C_/Program_Files/Raspberry_Pi/Pico_SDK_v1.5.1/pico-sdk/src/rp2_common/pico_printf/printf.c.obj
 .text._ntoa_format
                0x1000264a      0x110 CMakeFiles/FreeRTOS_Blink.dir/C_/Program_Files/Raspberry_Pi/Pico_SDK_v1.5.1/pico-sdk/src/rp2_common/pico_printf/printf.c.obj
 .text._ntoa_long
                0x1000275a       0xbc CMakeFiles/FreeRTOS_Blink.dir/C_/Program_Files/Raspberry_Pi/Pico_SDK_v1.5.1/pico-sdk/src/rp2_common/pico_printf/printf.c.obj
 .text._ntoa_long_long
                0x10002816      0x10e CMakeFiles/FreeRTOS_Blink.dir/C_/Program_Files/Raspberry_Pi/Pico_SDK_v1.5.1/pico-sdk/src/rp2_common/pico_printf/printf.c.obj
 .text._etoa    0x10002924      0x420 CMakeFiles/FreeRTOS_Blink.dir/C_/Program_Files/Raspberry_Pi/Pico_SDK_v1.5.1/pico-sdk/src/rp2_common/pico_printf/printf.c.obj
 .text._ftoa    0x10002d44      0x354 CMakeFiles/FreeRTOS_Blink.dir/C_/Program_Files/Raspberry_Pi/Pico_SDK_v1.5.1/pico-sdk/src/rp2_common/pico_printf/printf.c.obj
 .text._vsnprintf
                0x10003098      0x668 CMakeFiles/FreeRTOS_Blink.dir/C_/Program_Files/Raspberry_Pi/Pico_SDK_v1.5.1/pico-sdk/src/rp2_common/pico_printf/printf.c.obj
 .text.vfctprintf
                0x10003700       0x20 CMakeFiles/FreeRTOS_Blink.dir/C_/Program_Files/Raspberry_Pi/Pico_SDK_v1.5.1/pico-sdk/src/rp2_common/pico_printf/printf.c.obj
                0x10003700                vfctprintf
 .text          0x10003720       0x10 CMakeFiles/FreeRTOS_Blink.dir/C_/Program_Files/Raspberry_Pi/Pico_SDK_v1.5.1/pico-sdk/src/rp2_common/pico_bit_ops/bit_ops_aeabi.S.obj
 .text.rom_func_lookup
                0x10003730       0x10 CMakeFiles/FreeRTOS_Blink.dir/C_/Program_Files/Raspberry_Pi/Pico_SDK_v1.5.1/pico-sdk/src/rp2_common/pico_bootrom/bootrom.c.obj
                0x10003730                rom_func_lookup
 .text.rom_data_lookup
                0x10003740       0x10 CMakeFiles/FreeRTOS_Blink.dir/C_/Program_Files/Raspberry_Pi/Pico_SDK_v1.5.1/pico-sdk/src/rp2_common/pico_bootrom/bootrom.c.obj
                0x10003740                rom_data_lookup
 .text.rom_funcs_lookup
                0x10003750       0x36 CMakeFiles/FreeRTOS_Blink.dir/C_/Program_Files/Raspberry_Pi/Pico_SDK_v1.5.1/pico-sdk/src/rp2_common/pico_bootrom/bootrom.c.obj
                0x10003750                rom_funcs_lookup
 *fill*         0x10003786        0x2 
 .text.__wrap___aeabi_idiv
                0x10003788       0x50 CMakeFiles/FreeRTOS_Blink.dir/C_/Program_Files/Raspberry_Pi/Pico_SDK_v1.5.1/pico-sdk/src/rp2_common/pico_divider/divider.S.obj
                0x10003788                __wrap___aeabi_idivmod
                0x10003788                divmod_s32s32
                0x10003788                div_s32s32
                0x10003788                __wrap___aeabi_idiv
                0x10003790                divmod_s32s32_unsafe
                0x100037bc                divmod_s32s32_savestate
 .text.__wrap___aeabi_uidiv
                0x100037d8       0x4c CMakeFiles/FreeRTOS_Blink.dir/C_/Program_Files/Raspberry_Pi/Pico_SDK_v1.5.1/pico-sdk/src/rp2_common/pico_divider/divider.S.obj
                0x100037d8                __wrap___aeabi_uidiv
                0x100037d8                __wrap___aeabi_uidivmod
                0x100037d8                div_u32u32
                0x100037d8                divmod_u32u32
                0x100037e0                divmod_u32u32_unsafe
                0x10003808                divmod_u32u32_savestate
 .text.__wrap___aeabi_ldiv
                0x10003824      0x424 CMakeFiles/FreeRTOS_Blink.dir/C_/Program_Files/Raspberry_Pi/Pico_SDK_v1.5.1/pico-sdk/src/rp2_common/pico_divider/divider.S.obj
                0x10003824                div_s64s64
                0x10003824                divmod_s64s64
                0x10003824                __wrap___aeabi_ldivmod
                0x10003854                divmod_u64u64
                0x10003854                div_u64u64
                0x10003854                __wrap___aeabi_uldivmod
                0x10003864                divmod_u64u64_savestate
                0x10003884                divmod_s64s64_unsafe
                0x1000390c                divmod_u64u64_unsafe
 .text.__wrap___aeabi_darithmetic
                0x10003c48       0x80 CMakeFiles/FreeRTOS_Blink.dir/C_/Program_Files/Raspberry_Pi/Pico_SDK_v1.5.1/pico-sdk/src/rp2_common/pico_double/double_aeabi.S.obj
                0x10003c48                __wrap___aeabi_drsub
                0x10003c4e                __wrap___aeabi_dsub
                0x10003c60                __wrap___aeabi_dadd
                0x10003c72                __wrap___aeabi_ddiv
                0x10003cae                __wrap___aeabi_dmul
 .text.__wrap___aeabi_cdcmple
                0x10003cc8       0x6c CMakeFiles/FreeRTOS_Blink.dir/C_/Program_Files/Raspberry_Pi/Pico_SDK_v1.5.1/pico-sdk/src/rp2_common/pico_double/double_aeabi.S.obj
                0x10003cc8                __wrap___aeabi_cdrcmple
                0x10003cd8                __wrap___aeabi_cdcmpeq
                0x10003cd8                __wrap___aeabi_cdcmple
 .text.__wrap___aeabi_dcmplt
                0x10003d34        0xc CMakeFiles/FreeRTOS_Blink.dir/C_/Program_Files/Raspberry_Pi/Pico_SDK_v1.5.1/pico-sdk/src/rp2_common/pico_double/double_aeabi.S.obj
                0x10003d34                __wrap___aeabi_dcmplt
 .text.__wrap___aeabi_dcmple
                0x10003d40       0x10 CMakeFiles/FreeRTOS_Blink.dir/C_/Program_Files/Raspberry_Pi/Pico_SDK_v1.5.1/pico-sdk/src/rp2_common/pico_double/double_aeabi.S.obj
                0x10003d40                __wrap___aeabi_dcmple
 .text.__wrap___aeabi_dcmpge
                0x10003d50       0x10 CMakeFiles/FreeRTOS_Blink.dir/C_/Program_Files/Raspberry_Pi/Pico_SDK_v1.5.1/pico-sdk/src/rp2_common/pico_double/double_aeabi.S.obj
                0x10003d50                __wrap___aeabi_dcmpge
 .text.__wrap___aeabi_dcmpgt
                0x10003d60        0xa CMakeFiles/FreeRTOS_Blink.dir/C_/Program_Files/Raspberry_Pi/Pico_SDK_v1.5.1/pico-sdk/src/rp2_common/pico_double/double_aeabi.S.obj
                0x10003d60                __wrap___aeabi_dcmpgt
 .text.__wrap___aeabi_dcmpun
                0x10003d6a       0x1c CMakeFiles/FreeRTOS_Blink.dir/C_/Program_Files/Raspberry_Pi/Pico_SDK_v1.5.1/pico-sdk/src/rp2_common/pico_double/double_aeabi.S.obj
                0x10003d6a                __wrap___aeabi_dcmpun
 *fill*         0x10003d86        0x2 
 .text.__wrap___aeabi_i2d
                0x10003d88       0x38 CMakeFiles/FreeRTOS_Blink.dir/C_/Program_Files/Raspberry_Pi/Pico_SDK_v1.5.1/pico-sdk/src/rp2_common/pico_double/double_aeabi.S.obj
                0x10003d88                __wrap___aeabi_ui2d
                0x10003d90                __wrap___aeabi_i2d
 .text.__wrap___aeabi_d2iz
                0x10003dc0       0x48 CMakeFiles/FreeRTOS_Blink.dir/C_/Program_Files/Raspberry_Pi/Pico_SDK_v1.5.1/pico-sdk/src/rp2_common/pico_double/double_aeabi.S.obj
                0x10003dc0                double2int_z
                0x10003dc0                __wrap___aeabi_d2iz
 .text.__wrap___aeabi_d2uiz
                0x10003e08       0x18 CMakeFiles/FreeRTOS_Blink.dir/C_/Program_Files/Raspberry_Pi/Pico_SDK_v1.5.1/pico-sdk/src/rp2_common/pico_double/double_aeabi.S.obj
                0x10003e08                __wrap___aeabi_d2uiz
                0x10003e08                double2uint
 .text.__aeabi_double_init
                0x10003e20       0xcc CMakeFiles/FreeRTOS_Blink.dir/C_/Program_Files/Raspberry_Pi/Pico_SDK_v1.5.1/pico-sdk/src/rp2_common/pico_double/double_init_rom.c.obj
                0x10003e20                __aeabi_double_init
 .text.double_table_shim_on_use_helper
                0x10003eec       0x34 CMakeFiles/FreeRTOS_Blink.dir/C_/Program_Files/Raspberry_Pi/Pico_SDK_v1.5.1/pico-sdk/src/rp2_common/pico_double/double_v1_rom_shim.S.obj
                0x10003eec                double_table_shim_on_use_helper
 .text.__wrap___aeabi_dsub
                0x10003f20       0x10 CMakeFiles/FreeRTOS_Blink.dir/C_/Program_Files/Raspberry_Pi/Pico_SDK_v1.5.1/pico-sdk/src/rp2_common/pico_double/double_v1_rom_shim.S.obj
                0x10003f20                drsub_shim
                0x10003f26                dsub_shim
 .text.dadd_shim
                0x10003f30      0x15c CMakeFiles/FreeRTOS_Blink.dir/C_/Program_Files/Raspberry_Pi/Pico_SDK_v1.5.1/pico-sdk/src/rp2_common/pico_double/double_v1_rom_shim.S.obj
                0x10003f30                dadd_shim
 .text.dmul_shim
                0x1000408c      0x15c CMakeFiles/FreeRTOS_Blink.dir/C_/Program_Files/Raspberry_Pi/Pico_SDK_v1.5.1/pico-sdk/src/rp2_common/pico_double/double_v1_rom_shim.S.obj
                0x1000408c                dmul_shim
 .text.ddiv_shim
                0x100041e8      0x1b0 CMakeFiles/FreeRTOS_Blink.dir/C_/Program_Files/Raspberry_Pi/Pico_SDK_v1.5.1/pico-sdk/src/rp2_common/pico_double/double_v1_rom_shim.S.obj
                0x100041e8                ddiv_shim
 .text.double2uint_shim
                0x10004398        0xe CMakeFiles/FreeRTOS_Blink.dir/C_/Program_Files/Raspberry_Pi/Pico_SDK_v1.5.1/pico-sdk/src/rp2_common/pico_double/double_v1_rom_shim.S.obj
                0x10004398                double2uint_shim
                0x1000439a                double2ufix_shim
 *fill*         0x100043a6        0x2 
 .text.double2uint64_shim
                0x100043a8       0x70 CMakeFiles/FreeRTOS_Blink.dir/C_/Program_Files/Raspberry_Pi/Pico_SDK_v1.5.1/pico-sdk/src/rp2_common/pico_double/double_v1_rom_shim.S.obj
                0x100043a8                double2uint64_shim
                0x100043aa                double2ufix64_shim
                0x100043ca                d2fix_a
 .text.dunpacks
                0x10004418       0x3c CMakeFiles/FreeRTOS_Blink.dir/C_/Program_Files/Raspberry_Pi/Pico_SDK_v1.5.1/pico-sdk/src/rp2_common/pico_double/double_v1_rom_shim.S.obj
                0x10004418                dunpacks
 .text.__aeabi_lmul
                0x10004454       0x32 CMakeFiles/FreeRTOS_Blink.dir/C_/Program_Files/Raspberry_Pi/Pico_SDK_v1.5.1/pico-sdk/src/rp2_common/pico_int64_ops/pico_int64_ops_aeabi.S.obj
                0x10004454                __wrap___aeabi_lmul
 *fill*         0x10004486        0x2 
 .text.__aeabi_float_init
                0x10004488       0xfc CMakeFiles/FreeRTOS_Blink.dir/C_/Program_Files/Raspberry_Pi/Pico_SDK_v1.5.1/pico-sdk/src/rp2_common/pico_float/float_init_rom.c.obj
                0x10004488                __aeabi_float_init
 .text.float_table_shim_on_use_helper
                0x10004584       0x34 CMakeFiles/FreeRTOS_Blink.dir/C_/Program_Files/Raspberry_Pi/Pico_SDK_v1.5.1/pico-sdk/src/rp2_common/pico_float/float_v1_rom_shim.S.obj
                0x10004584                float_table_shim_on_use_helper
 .text          0x100045b8       0x10 CMakeFiles/FreeRTOS_Blink.dir/C_/Program_Files/Raspberry_Pi/Pico_SDK_v1.5.1/pico-sdk/src/rp2_common/pico_mem_ops/mem_ops_aeabi.S.obj
                0x100045b8                __aeabi_mem_init
 .text.memset   0x100045c8        0xc CMakeFiles/FreeRTOS_Blink.dir/C_/Program_Files/Raspberry_Pi/Pico_SDK_v1.5.1/pico-sdk/src/rp2_common/pico_mem_ops/mem_ops_aeabi.S.obj
                0x100045c8                __wrap_memset
 .text.memcpy   0x100045d4        0xc CMakeFiles/FreeRTOS_Blink.dir/C_/Program_Files/Raspberry_Pi/Pico_SDK_v1.5.1/pico-sdk/src/rp2_common/pico_mem_ops/mem_ops_aeabi.S.obj
                0x100045d4                __wrap_memcpy
                0x100045d4                __wrap___aeabi_memcpy
 .text.stdio_out_chars_no_crlf
                0x100045e0        0xe CMakeFiles/FreeRTOS_Blink.dir/C_/Program_Files/Raspberry_Pi/Pico_SDK_v1.5.1/pico-sdk/src/rp2_common/pico_stdio/stdio.c.obj
 *fill*         0x100045ee        0x2 
 .text.stdio_out_chars_crlf
                0x100045f0       0x80 CMakeFiles/FreeRTOS_Blink.dir/C_/Program_Files/Raspberry_Pi/Pico_SDK_v1.5.1/pico-sdk/src/rp2_common/pico_stdio/stdio.c.obj
 .text.stdio_stack_buffer_flush
                0x10004670       0x44 CMakeFiles/FreeRTOS_Blink.dir/C_/Program_Files/Raspberry_Pi/Pico_SDK_v1.5.1/pico-sdk/src/rp2_common/pico_stdio/stdio.c.obj
 .text.stdio_buffered_printer
                0x100046b4       0x20 CMakeFiles/FreeRTOS_Blink.dir/C_/Program_Files/Raspberry_Pi/Pico_SDK_v1.5.1/pico-sdk/src/rp2_common/pico_stdio/stdio.c.obj
 .text.update_us_since_boot
                0x100046d4       0x24 CMakeFiles/FreeRTOS_Blink.dir/C_/Program_Files/Raspberry_Pi/Pico_SDK_v1.5.1/pico-sdk/src/rp2_common/pico_stdio/stdio.c.obj
 .text.get_absolute_time
                0x100046f8       0x22 CMakeFiles/FreeRTOS_Blink.dir/C_/Program_Files/Raspberry_Pi/Pico_SDK_v1.5.1/pico-sdk/src/rp2_common/pico_stdio/stdio.c.obj
 *fill*         0x1000471a        0x2 
 .text.delayed_by_ms
                0x1000471c       0x44 CMakeFiles/FreeRTOS_Blink.dir/C_/Program_Files/Raspberry_Pi/Pico_SDK_v1.5.1/pico-sdk/src/rp2_common/pico_stdio/stdio.c.obj
 .text.make_timeout_time_ms
                0x10004760       0x20 CMakeFiles/FreeRTOS_Blink.dir/C_/Program_Files/Raspberry_Pi/Pico_SDK_v1.5.1/pico-sdk/src/rp2_common/pico_stdio/stdio.c.obj
 .text.stdout_serialize_begin
                0x10004780       0x20 CMakeFiles/FreeRTOS_Blink.dir/C_/Program_Files/Raspberry_Pi/Pico_SDK_v1.5.1/pico-sdk/src/rp2_common/pico_stdio/stdio.c.obj
                0x10004780                stdout_serialize_begin
 .text.stdout_serialize_end
                0x100047a0       0x10 CMakeFiles/FreeRTOS_Blink.dir/C_/Program_Files/Raspberry_Pi/Pico_SDK_v1.5.1/pico-sdk/src/rp2_common/pico_stdio/stdio.c.obj
                0x100047a0                stdout_serialize_end
 .text.stdio_put_string
                0x100047b0       0x98 CMakeFiles/FreeRTOS_Blink.dir/C_/Program_Files/Raspberry_Pi/Pico_SDK_v1.5.1/pico-sdk/src/rp2_common/pico_stdio/stdio.c.obj
 .text.stdio_set_driver_enabled
                0x10004848       0x2c CMakeFiles/FreeRTOS_Blink.dir/C_/Program_Files/Raspberry_Pi/Pico_SDK_v1.5.1/pico-sdk/src/rp2_common/pico_stdio/stdio.c.obj
                0x10004848                stdio_set_driver_enabled
 .text.stdio_flush
                0x10004874       0x20 CMakeFiles/FreeRTOS_Blink.dir/C_/Program_Files/Raspberry_Pi/Pico_SDK_v1.5.1/pico-sdk/src/rp2_common/pico_stdio/stdio.c.obj
                0x10004874                stdio_flush
 .text.__wrap_puts
                0x10004894       0x1e CMakeFiles/FreeRTOS_Blink.dir/C_/Program_Files/Raspberry_Pi/Pico_SDK_v1.5.1/pico-sdk/src/rp2_common/pico_stdio/stdio.c.obj
                0x10004894                __wrap_puts
 *fill*         0x100048b2        0x2 
 .text.__wrap_vprintf
                0x100048b4       0x40 CMakeFiles/FreeRTOS_Blink.dir/C_/Program_Files/Raspberry_Pi/Pico_SDK_v1.5.1/pico-sdk/src/rp2_common/pico_stdio/stdio.c.obj
                0x100048b4                __wrap_vprintf
 .text.__wrap_printf
                0x100048f4       0x18 CMakeFiles/FreeRTOS_Blink.dir/C_/Program_Files/Raspberry_Pi/Pico_SDK_v1.5.1/pico-sdk/src/rp2_common/pico_stdio/stdio.c.obj
                0x100048f4                __wrap_printf
 .text.stdio_init_all
                0x1000490c        0x8 CMakeFiles/FreeRTOS_Blink.dir/C_/Program_Files/Raspberry_Pi/Pico_SDK_v1.5.1/pico-sdk/src/rp2_common/pico_stdio/stdio.c.obj
                0x1000490c                stdio_init_all
 .text.resetd_init
                0x10004914        0x2 CMakeFiles/FreeRTOS_Blink.dir/C_/Program_Files/Raspberry_Pi/Pico_SDK_v1.5.1/pico-sdk/src/rp2_common/pico_stdio_usb/reset_interface.c.obj
 *fill*         0x10004916        0x2 
 .text.resetd_reset
                0x10004918        0xc CMakeFiles/FreeRTOS_Blink.dir/C_/Program_Files/Raspberry_Pi/Pico_SDK_v1.5.1/pico-sdk/src/rp2_common/pico_stdio_usb/reset_interface.c.obj
 .text.resetd_open
                0x10004924       0x34 CMakeFiles/FreeRTOS_Blink.dir/C_/Program_Files/Raspberry_Pi/Pico_SDK_v1.5.1/pico-sdk/src/rp2_common/pico_stdio_usb/reset_interface.c.obj
 .text.resetd_xfer_cb
                0x10004958        0x4 CMakeFiles/FreeRTOS_Blink.dir/C_/Program_Files/Raspberry_Pi/Pico_SDK_v1.5.1/pico-sdk/src/rp2_common/pico_stdio_usb/reset_interface.c.obj
 .text.reset_usb_boot
                0x1000495c       0x18 CMakeFiles/FreeRTOS_Blink.dir/C_/Program_Files/Raspberry_Pi/Pico_SDK_v1.5.1/pico-sdk/src/rp2_common/pico_stdio_usb/reset_interface.c.obj
 .text.resetd_control_xfer_cb
                0x10004974       0x5c CMakeFiles/FreeRTOS_Blink.dir/C_/Program_Files/Raspberry_Pi/Pico_SDK_v1.5.1/pico-sdk/src/rp2_common/pico_stdio_usb/reset_interface.c.obj
 .text.usbd_app_driver_get_cb
                0x100049d0        0xc CMakeFiles/FreeRTOS_Blink.dir/C_/Program_Files/Raspberry_Pi/Pico_SDK_v1.5.1/pico-sdk/src/rp2_common/pico_stdio_usb/reset_interface.c.obj
                0x100049d0                usbd_app_driver_get_cb
 .text.tud_cdc_line_coding_cb
                0x100049dc       0x28 CMakeFiles/FreeRTOS_Blink.dir/C_/Program_Files/Raspberry_Pi/Pico_SDK_v1.5.1/pico-sdk/src/rp2_common/pico_stdio_usb/reset_interface.c.obj
                0x100049dc                tud_cdc_line_coding_cb
 .text.stdio_usb_set_chars_available_callback
                0x10004a04       0x14 CMakeFiles/FreeRTOS_Blink.dir/C_/Program_Files/Raspberry_Pi/Pico_SDK_v1.5.1/pico-sdk/src/rp2_common/pico_stdio_usb/stdio_usb.c.obj
                0x10004a04                stdio_usb_set_chars_available_callback
 .text.update_us_since_boot
                0x10004a18       0x24 CMakeFiles/FreeRTOS_Blink.dir/C_/Program_Files/Raspberry_Pi/Pico_SDK_v1.5.1/pico-sdk/src/rp2_common/pico_stdio_usb/stdio_usb.c.obj
 .text.get_absolute_time
                0x10004a3c       0x22 CMakeFiles/FreeRTOS_Blink.dir/C_/Program_Files/Raspberry_Pi/Pico_SDK_v1.5.1/pico-sdk/src/rp2_common/pico_stdio_usb/stdio_usb.c.obj
 *fill*         0x10004a5e        0x2 
 .text.delayed_by_ms
                0x10004a60       0x44 CMakeFiles/FreeRTOS_Blink.dir/C_/Program_Files/Raspberry_Pi/Pico_SDK_v1.5.1/pico-sdk/src/rp2_common/pico_stdio_usb/stdio_usb.c.obj
 .text.make_timeout_time_ms
                0x10004aa4       0x20 CMakeFiles/FreeRTOS_Blink.dir/C_/Program_Files/Raspberry_Pi/Pico_SDK_v1.5.1/pico-sdk/src/rp2_common/pico_stdio_usb/stdio_usb.c.obj
 .text.delayed_by_us
                0x10004ac4       0x34 CMakeFiles/FreeRTOS_Blink.dir/C_/Program_Files/Raspberry_Pi/Pico_SDK_v1.5.1/pico-sdk/src/rp2_common/pico_stdio_usb/stdio_usb.c.obj
 .text.usb_irq  0x10004af8       0x10 CMakeFiles/FreeRTOS_Blink.dir/C_/Program_Files/Raspberry_Pi/Pico_SDK_v1.5.1/pico-sdk/src/rp2_common/pico_stdio_usb/stdio_usb.c.obj
 .text.critical_section_enter_blocking
                0x10004b08       0x16 CMakeFiles/FreeRTOS_Blink.dir/C_/Program_Files/Raspberry_Pi/Pico_SDK_v1.5.1/pico-sdk/src/rp2_common/pico_stdio_usb/stdio_usb.c.obj
 *fill*         0x10004b1e        0x2 
 .text.timer_task
                0x10004b20       0x4c CMakeFiles/FreeRTOS_Blink.dir/C_/Program_Files/Raspberry_Pi/Pico_SDK_v1.5.1/pico-sdk/src/rp2_common/pico_stdio_usb/stdio_usb.c.obj
 .text.alarm_pool_add_alarm_in_us
                0x10004b6c       0x3a CMakeFiles/FreeRTOS_Blink.dir/C_/Program_Files/Raspberry_Pi/Pico_SDK_v1.5.1/pico-sdk/src/rp2_common/pico_stdio_usb/stdio_usb.c.obj
 .text.add_alarm_in_us
                0x10004ba6       0x2e CMakeFiles/FreeRTOS_Blink.dir/C_/Program_Files/Raspberry_Pi/Pico_SDK_v1.5.1/pico-sdk/src/rp2_common/pico_stdio_usb/stdio_usb.c.obj
 .text.low_priority_worker_irq
                0x10004bd4       0x7c CMakeFiles/FreeRTOS_Blink.dir/C_/Program_Files/Raspberry_Pi/Pico_SDK_v1.5.1/pico-sdk/src/rp2_common/pico_stdio_usb/stdio_usb.c.obj
 .text.tud_cdc_rx_cb
                0x10004c50       0x20 CMakeFiles/FreeRTOS_Blink.dir/C_/Program_Files/Raspberry_Pi/Pico_SDK_v1.5.1/pico-sdk/src/rp2_common/pico_stdio_usb/stdio_usb.c.obj
                0x10004c50                tud_cdc_rx_cb
 .text.stdio_usb_init
                0x10004c70       0xd0 CMakeFiles/FreeRTOS_Blink.dir/C_/Program_Files/Raspberry_Pi/Pico_SDK_v1.5.1/pico-sdk/src/rp2_common/pico_stdio_usb/stdio_usb.c.obj
                0x10004c70                stdio_usb_init
 .text.stdio_usb_connected
                0x10004d40        0xa CMakeFiles/FreeRTOS_Blink.dir/C_/Program_Files/Raspberry_Pi/Pico_SDK_v1.5.1/pico-sdk/src/rp2_common/pico_stdio_usb/stdio_usb.c.obj
                0x10004d40                stdio_usb_connected
 *fill*         0x10004d4a        0x2 
 .text.stdio_usb_in_chars
                0x10004d4c       0x88 CMakeFiles/FreeRTOS_Blink.dir/C_/Program_Files/Raspberry_Pi/Pico_SDK_v1.5.1/pico-sdk/src/rp2_common/pico_stdio_usb/stdio_usb.c.obj
                0x10004d4c                stdio_usb_in_chars
 .text.stdio_usb_out_chars
                0x10004dd4       0xd8 CMakeFiles/FreeRTOS_Blink.dir/C_/Program_Files/Raspberry_Pi/Pico_SDK_v1.5.1/pico-sdk/src/rp2_common/pico_stdio_usb/stdio_usb.c.obj
 .text.tud_descriptor_device_cb
                0x10004eac        0x8 CMakeFiles/FreeRTOS_Blink.dir/C_/Program_Files/Raspberry_Pi/Pico_SDK_v1.5.1/pico-sdk/src/rp2_common/pico_stdio_usb/stdio_usb_descriptors.c.obj
                0x10004eac                tud_descriptor_device_cb
 .text.tud_descriptor_configuration_cb
                0x10004eb4        0x8 CMakeFiles/FreeRTOS_Blink.dir/C_/Program_Files/Raspberry_Pi/Pico_SDK_v1.5.1/pico-sdk/src/rp2_common/pico_stdio_usb/stdio_usb_descriptors.c.obj
                0x10004eb4                tud_descriptor_configuration_cb
 .text.tud_descriptor_string_cb
                0x10004ebc       0x6c CMakeFiles/FreeRTOS_Blink.dir/C_/Program_Files/Raspberry_Pi/Pico_SDK_v1.5.1/pico-sdk/src/rp2_common/pico_stdio_usb/stdio_usb_descriptors.c.obj
                0x10004ebc                tud_descriptor_string_cb
 .text._retrieve_unique_id_on_boot
                0x10004f28       0x10 CMakeFiles/FreeRTOS_Blink.dir/C_/Program_Files/Raspberry_Pi/Pico_SDK_v1.5.1/pico-sdk/src/rp2_common/pico_unique_id/unique_id.c.obj
 .text.pico_get_unique_board_id_string
                0x10004f38       0x5c CMakeFiles/FreeRTOS_Blink.dir/C_/Program_Files/Raspberry_Pi/Pico_SDK_v1.5.1/pico-sdk/src/rp2_common/pico_unique_id/unique_id.c.obj
                0x10004f38                pico_get_unique_board_id_string
 .text.flash_get_unique_id
                0x10004f94       0x40 CMakeFiles/FreeRTOS_Blink.dir/C_/Program_Files/Raspberry_Pi/Pico_SDK_v1.5.1/pico-sdk/src/rp2_common/hardware_flash/flash.c.obj
                0x10004f94                flash_get_unique_id
 .text.hw_endpoint_get_by_addr
                0x10004fd4       0x18 CMakeFiles/FreeRTOS_Blink.dir/C_/Program_Files/Raspberry_Pi/Pico_SDK_v1.5.1/pico-sdk/lib/tinyusb/src/portable/raspberrypi/rp2040/dcd_rp2040.c.obj
 .text._hw_endpoint_alloc
                0x10004fec       0x70 CMakeFiles/FreeRTOS_Blink.dir/C_/Program_Files/Raspberry_Pi/Pico_SDK_v1.5.1/pico-sdk/lib/tinyusb/src/portable/raspberrypi/rp2040/dcd_rp2040.c.obj
 .text.hw_endpoint_init
                0x1000505c       0x88 CMakeFiles/FreeRTOS_Blink.dir/C_/Program_Files/Raspberry_Pi/Pico_SDK_v1.5.1/pico-sdk/lib/tinyusb/src/portable/raspberrypi/rp2040/dcd_rp2040.c.obj
 .text.dcd_event_sof
                0x100050e4       0x2c CMakeFiles/FreeRTOS_Blink.dir/C_/Program_Files/Raspberry_Pi/Pico_SDK_v1.5.1/pico-sdk/lib/tinyusb/src/portable/raspberrypi/rp2040/dcd_rp2040.c.obj
 .text.hw_endpoint_xfer
                0x10005110       0x14 CMakeFiles/FreeRTOS_Blink.dir/C_/Program_Files/Raspberry_Pi/Pico_SDK_v1.5.1/pico-sdk/lib/tinyusb/src/portable/raspberrypi/rp2040/dcd_rp2040.c.obj
 .text.dcd_int_enable
                0x10005124       0x2c CMakeFiles/FreeRTOS_Blink.dir/C_/Program_Files/Raspberry_Pi/Pico_SDK_v1.5.1/pico-sdk/lib/tinyusb/src/portable/raspberrypi/rp2040/dcd_rp2040.c.obj
                0x10005124                dcd_int_enable
 .text.dcd_set_address
                0x10005150       0x2c CMakeFiles/FreeRTOS_Blink.dir/C_/Program_Files/Raspberry_Pi/Pico_SDK_v1.5.1/pico-sdk/lib/tinyusb/src/portable/raspberrypi/rp2040/dcd_rp2040.c.obj
                0x10005150                dcd_set_address
 .text.dcd_connect
                0x1000517c       0x10 CMakeFiles/FreeRTOS_Blink.dir/C_/Program_Files/Raspberry_Pi/Pico_SDK_v1.5.1/pico-sdk/lib/tinyusb/src/portable/raspberrypi/rp2040/dcd_rp2040.c.obj
                0x1000517c                dcd_connect
 .text.dcd_init
                0x1000518c       0x80 CMakeFiles/FreeRTOS_Blink.dir/C_/Program_Files/Raspberry_Pi/Pico_SDK_v1.5.1/pico-sdk/lib/tinyusb/src/portable/raspberrypi/rp2040/dcd_rp2040.c.obj
                0x1000518c                dcd_init
 .text.dcd_edpt0_status_complete
                0x1000520c       0x1c CMakeFiles/FreeRTOS_Blink.dir/C_/Program_Files/Raspberry_Pi/Pico_SDK_v1.5.1/pico-sdk/lib/tinyusb/src/portable/raspberrypi/rp2040/dcd_rp2040.c.obj
                0x1000520c                dcd_edpt0_status_complete
 .text.dcd_edpt_open
                0x10005228       0x40 CMakeFiles/FreeRTOS_Blink.dir/C_/Program_Files/Raspberry_Pi/Pico_SDK_v1.5.1/pico-sdk/lib/tinyusb/src/portable/raspberrypi/rp2040/dcd_rp2040.c.obj
                0x10005228                dcd_edpt_open
 .text.dcd_edpt_close_all
                0x10005268        0x8 CMakeFiles/FreeRTOS_Blink.dir/C_/Program_Files/Raspberry_Pi/Pico_SDK_v1.5.1/pico-sdk/lib/tinyusb/src/portable/raspberrypi/rp2040/dcd_rp2040.c.obj
                0x10005268                dcd_edpt_close_all
 .text.dcd_edpt_xfer
                0x10005270       0x34 CMakeFiles/FreeRTOS_Blink.dir/C_/Program_Files/Raspberry_Pi/Pico_SDK_v1.5.1/pico-sdk/lib/tinyusb/src/portable/raspberrypi/rp2040/dcd_rp2040.c.obj
                0x10005270                dcd_edpt_xfer
 .text.dcd_edpt_stall
                0x100052a4       0x2c CMakeFiles/FreeRTOS_Blink.dir/C_/Program_Files/Raspberry_Pi/Pico_SDK_v1.5.1/pico-sdk/lib/tinyusb/src/portable/raspberrypi/rp2040/dcd_rp2040.c.obj
                0x100052a4                dcd_edpt_stall
 .text.dcd_edpt_clear_stall
                0x100052d0       0x20 CMakeFiles/FreeRTOS_Blink.dir/C_/Program_Files/Raspberry_Pi/Pico_SDK_v1.5.1/pico-sdk/lib/tinyusb/src/portable/raspberrypi/rp2040/dcd_rp2040.c.obj
                0x100052d0                dcd_edpt_clear_stall
 .text.rp2040_usb_init
                0x100052f0       0x4c CMakeFiles/FreeRTOS_Blink.dir/C_/Program_Files/Raspberry_Pi/Pico_SDK_v1.5.1/pico-sdk/lib/tinyusb/src/portable/raspberrypi/rp2040/rp2040_usb.c.obj
                0x100052f0                rp2040_usb_init
 .text.hw_endpoint_xfer_start
                0x1000533c       0x50 CMakeFiles/FreeRTOS_Blink.dir/C_/Program_Files/Raspberry_Pi/Pico_SDK_v1.5.1/pico-sdk/lib/tinyusb/src/portable/raspberrypi/rp2040/rp2040_usb.c.obj
                0x1000533c                hw_endpoint_xfer_start
 .text.configuration_reset
                0x1000538c       0x84 CMakeFiles/FreeRTOS_Blink.dir/C_/Program_Files/Raspberry_Pi/Pico_SDK_v1.5.1/pico-sdk/lib/tinyusb/src/device/usbd.c.obj
 .text.critical_section_enter_blocking
                0x10005410       0x16 CMakeFiles/FreeRTOS_Blink.dir/C_/Program_Files/Raspberry_Pi/Pico_SDK_v1.5.1/pico-sdk/lib/tinyusb/src/device/usbd.c.obj
 .text.usbd_reset
                0x10005426        0xc CMakeFiles/FreeRTOS_Blink.dir/C_/Program_Files/Raspberry_Pi/Pico_SDK_v1.5.1/pico-sdk/lib/tinyusb/src/device/usbd.c.obj
 .text.invoke_class_control
                0x10005432       0x1a CMakeFiles/FreeRTOS_Blink.dir/C_/Program_Files/Raspberry_Pi/Pico_SDK_v1.5.1/pico-sdk/lib/tinyusb/src/device/usbd.c.obj
 .text.process_set_config
                0x1000544c      0x178 CMakeFiles/FreeRTOS_Blink.dir/C_/Program_Files/Raspberry_Pi/Pico_SDK_v1.5.1/pico-sdk/lib/tinyusb/src/device/usbd.c.obj
 .text.process_get_descriptor
                0x100055c4       0xdc CMakeFiles/FreeRTOS_Blink.dir/C_/Program_Files/Raspberry_Pi/Pico_SDK_v1.5.1/pico-sdk/lib/tinyusb/src/device/usbd.c.obj
 .text.tud_mounted
                0x100056a0       0x10 CMakeFiles/FreeRTOS_Blink.dir/C_/Program_Files/Raspberry_Pi/Pico_SDK_v1.5.1/pico-sdk/lib/tinyusb/src/device/usbd.c.obj
                0x100056a0                tud_mounted
 .text.tud_suspended
                0x100056b0       0x10 CMakeFiles/FreeRTOS_Blink.dir/C_/Program_Files/Raspberry_Pi/Pico_SDK_v1.5.1/pico-sdk/lib/tinyusb/src/device/usbd.c.obj
                0x100056b0                tud_suspended
 .text.tud_inited
                0x100056c0       0x14 CMakeFiles/FreeRTOS_Blink.dir/C_/Program_Files/Raspberry_Pi/Pico_SDK_v1.5.1/pico-sdk/lib/tinyusb/src/device/usbd.c.obj
                0x100056c0                tud_inited
 .text.tud_init
                0x100056d4       0xcc CMakeFiles/FreeRTOS_Blink.dir/C_/Program_Files/Raspberry_Pi/Pico_SDK_v1.5.1/pico-sdk/lib/tinyusb/src/device/usbd.c.obj
                0x100056d4                tud_init
 .text.usbd_defer_func
                0x100057a0       0x2a CMakeFiles/FreeRTOS_Blink.dir/C_/Program_Files/Raspberry_Pi/Pico_SDK_v1.5.1/pico-sdk/lib/tinyusb/src/device/usbd.c.obj
                0x100057a0                usbd_defer_func
 *fill*         0x100057ca        0x2 
 .text.usbd_edpt_open
                0x100057cc       0x34 CMakeFiles/FreeRTOS_Blink.dir/C_/Program_Files/Raspberry_Pi/Pico_SDK_v1.5.1/pico-sdk/lib/tinyusb/src/device/usbd.c.obj
                0x100057cc                usbd_edpt_open
 .text.usbd_open_edpt_pair
                0x10005800       0x62 CMakeFiles/FreeRTOS_Blink.dir/C_/Program_Files/Raspberry_Pi/Pico_SDK_v1.5.1/pico-sdk/lib/tinyusb/src/device/usbd.c.obj
                0x10005800                usbd_open_edpt_pair
 *fill*         0x10005862        0x2 
 .text.usbd_edpt_claim
                0x10005864       0x28 CMakeFiles/FreeRTOS_Blink.dir/C_/Program_Files/Raspberry_Pi/Pico_SDK_v1.5.1/pico-sdk/lib/tinyusb/src/device/usbd.c.obj
                0x10005864                usbd_edpt_claim
 .text.usbd_edpt_release
                0x1000588c       0x28 CMakeFiles/FreeRTOS_Blink.dir/C_/Program_Files/Raspberry_Pi/Pico_SDK_v1.5.1/pico-sdk/lib/tinyusb/src/device/usbd.c.obj
                0x1000588c                usbd_edpt_release
 .text.usbd_edpt_xfer
                0x100058b4       0x78 CMakeFiles/FreeRTOS_Blink.dir/C_/Program_Files/Raspberry_Pi/Pico_SDK_v1.5.1/pico-sdk/lib/tinyusb/src/device/usbd.c.obj
                0x100058b4                usbd_edpt_xfer
 .text.usbd_edpt_stall
                0x1000592c       0x48 CMakeFiles/FreeRTOS_Blink.dir/C_/Program_Files/Raspberry_Pi/Pico_SDK_v1.5.1/pico-sdk/lib/tinyusb/src/device/usbd.c.obj
                0x1000592c                usbd_edpt_stall
 .text.usbd_edpt_clear_stall
                0x10005974       0x48 CMakeFiles/FreeRTOS_Blink.dir/C_/Program_Files/Raspberry_Pi/Pico_SDK_v1.5.1/pico-sdk/lib/tinyusb/src/device/usbd.c.obj
                0x10005974                usbd_edpt_clear_stall
 .text.usbd_edpt_stalled
                0x100059bc       0x1c CMakeFiles/FreeRTOS_Blink.dir/C_/Program_Files/Raspberry_Pi/Pico_SDK_v1.5.1/pico-sdk/lib/tinyusb/src/device/usbd.c.obj
                0x100059bc                usbd_edpt_stalled
 .text.process_control_request
                0x100059d8      0x374 CMakeFiles/FreeRTOS_Blink.dir/C_/Program_Files/Raspberry_Pi/Pico_SDK_v1.5.1/pico-sdk/lib/tinyusb/src/device/usbd.c.obj
 .text.tud_task_ext
                0x10005d4c      0x1a8 CMakeFiles/FreeRTOS_Blink.dir/C_/Program_Files/Raspberry_Pi/Pico_SDK_v1.5.1/pico-sdk/lib/tinyusb/src/device/usbd.c.obj
                0x10005d4c                tud_task_ext
 .text._status_stage_xact
                0x10005ef4       0x1a CMakeFiles/FreeRTOS_Blink.dir/C_/Program_Files/Raspberry_Pi/Pico_SDK_v1.5.1/pico-sdk/lib/tinyusb/src/device/usbd_control.c.obj
 *fill*         0x10005f0e        0x2 
 .text._data_stage_xact
                0x10005f10       0x58 CMakeFiles/FreeRTOS_Blink.dir/C_/Program_Files/Raspberry_Pi/Pico_SDK_v1.5.1/pico-sdk/lib/tinyusb/src/device/usbd_control.c.obj
 .text.tud_control_status
                0x10005f68       0x28 CMakeFiles/FreeRTOS_Blink.dir/C_/Program_Files/Raspberry_Pi/Pico_SDK_v1.5.1/pico-sdk/lib/tinyusb/src/device/usbd_control.c.obj
                0x10005f68                tud_control_status
 .text.tud_control_xfer
                0x10005f90       0x68 CMakeFiles/FreeRTOS_Blink.dir/C_/Program_Files/Raspberry_Pi/Pico_SDK_v1.5.1/pico-sdk/lib/tinyusb/src/device/usbd_control.c.obj
                0x10005f90                tud_control_xfer
 .text.usbd_control_reset
                0x10005ff8       0x14 CMakeFiles/FreeRTOS_Blink.dir/C_/Program_Files/Raspberry_Pi/Pico_SDK_v1.5.1/pico-sdk/lib/tinyusb/src/device/usbd_control.c.obj
                0x10005ff8                usbd_control_reset
 .text.usbd_control_set_complete_callback
                0x1000600c        0xc CMakeFiles/FreeRTOS_Blink.dir/C_/Program_Files/Raspberry_Pi/Pico_SDK_v1.5.1/pico-sdk/lib/tinyusb/src/device/usbd_control.c.obj
                0x1000600c                usbd_control_set_complete_callback
 .text.usbd_control_set_request
                0x10006018       0x1c CMakeFiles/FreeRTOS_Blink.dir/C_/Program_Files/Raspberry_Pi/Pico_SDK_v1.5.1/pico-sdk/lib/tinyusb/src/device/usbd_control.c.obj
                0x10006018                usbd_control_set_request
 .text.usbd_control_xfer_cb
                0x10006034       0xbc CMakeFiles/FreeRTOS_Blink.dir/C_/Program_Files/Raspberry_Pi/Pico_SDK_v1.5.1/pico-sdk/lib/tinyusb/src/device/usbd_control.c.obj
                0x10006034                usbd_control_xfer_cb
 .text._prep_out_transaction
                0x100060f0       0x4a CMakeFiles/FreeRTOS_Blink.dir/C_/Program_Files/Raspberry_Pi/Pico_SDK_v1.5.1/pico-sdk/lib/tinyusb/src/class/cdc/cdc_device.c.obj
 *fill*         0x1000613a        0x2 
 .text.tud_cdc_n_connected
                0x1000613c       0x38 CMakeFiles/FreeRTOS_Blink.dir/C_/Program_Files/Raspberry_Pi/Pico_SDK_v1.5.1/pico-sdk/lib/tinyusb/src/class/cdc/cdc_device.c.obj
                0x1000613c                tud_cdc_n_connected
 .text.tud_cdc_n_available
                0x10006174       0x18 CMakeFiles/FreeRTOS_Blink.dir/C_/Program_Files/Raspberry_Pi/Pico_SDK_v1.5.1/pico-sdk/lib/tinyusb/src/class/cdc/cdc_device.c.obj
                0x10006174                tud_cdc_n_available
 .text.tud_cdc_n_read
                0x1000618c       0x28 CMakeFiles/FreeRTOS_Blink.dir/C_/Program_Files/Raspberry_Pi/Pico_SDK_v1.5.1/pico-sdk/lib/tinyusb/src/class/cdc/cdc_device.c.obj
                0x1000618c                tud_cdc_n_read
 .text.tud_cdc_n_write_flush
                0x100061b4       0xb8 CMakeFiles/FreeRTOS_Blink.dir/C_/Program_Files/Raspberry_Pi/Pico_SDK_v1.5.1/pico-sdk/lib/tinyusb/src/class/cdc/cdc_device.c.obj
                0x100061b4                tud_cdc_n_write_flush
 .text.tud_cdc_n_write
                0x1000626c       0x38 CMakeFiles/FreeRTOS_Blink.dir/C_/Program_Files/Raspberry_Pi/Pico_SDK_v1.5.1/pico-sdk/lib/tinyusb/src/class/cdc/cdc_device.c.obj
                0x1000626c                tud_cdc_n_write
 .text.tud_cdc_n_write_available
                0x100062a4       0x1c CMakeFiles/FreeRTOS_Blink.dir/C_/Program_Files/Raspberry_Pi/Pico_SDK_v1.5.1/pico-sdk/lib/tinyusb/src/class/cdc/cdc_device.c.obj
                0x100062a4                tud_cdc_n_write_available
 .text.cdcd_init
                0x100062c0       0xbc CMakeFiles/FreeRTOS_Blink.dir/C_/Program_Files/Raspberry_Pi/Pico_SDK_v1.5.1/pico-sdk/lib/tinyusb/src/class/cdc/cdc_device.c.obj
                0x100062c0                cdcd_init
 .text.cdcd_reset
                0x1000637c       0x44 CMakeFiles/FreeRTOS_Blink.dir/C_/Program_Files/Raspberry_Pi/Pico_SDK_v1.5.1/pico-sdk/lib/tinyusb/src/class/cdc/cdc_device.c.obj
                0x1000637c                cdcd_reset
 .text.cdcd_open
                0x100063c0       0xc4 CMakeFiles/FreeRTOS_Blink.dir/C_/Program_Files/Raspberry_Pi/Pico_SDK_v1.5.1/pico-sdk/lib/tinyusb/src/class/cdc/cdc_device.c.obj
                0x100063c0                cdcd_open
 .text.cdcd_control_xfer_cb
                0x10006484      0x134 CMakeFiles/FreeRTOS_Blink.dir/C_/Program_Files/Raspberry_Pi/Pico_SDK_v1.5.1/pico-sdk/lib/tinyusb/src/class/cdc/cdc_device.c.obj
                0x10006484                cdcd_control_xfer_cb
 .text.cdcd_xfer_cb
                0x100065b8      0x130 CMakeFiles/FreeRTOS_Blink.dir/C_/Program_Files/Raspberry_Pi/Pico_SDK_v1.5.1/pico-sdk/lib/tinyusb/src/class/cdc/cdc_device.c.obj
                0x100065b8                cdcd_xfer_cb
 .text.tusb_init
                0x100066e8        0xa CMakeFiles/FreeRTOS_Blink.dir/C_/Program_Files/Raspberry_Pi/Pico_SDK_v1.5.1/pico-sdk/lib/tinyusb/src/tusb.c.obj
                0x100066e8                tusb_init
 .text.tusb_inited
                0x100066f2        0xe CMakeFiles/FreeRTOS_Blink.dir/C_/Program_Files/Raspberry_Pi/Pico_SDK_v1.5.1/pico-sdk/lib/tinyusb/src/tusb.c.obj
                0x100066f2                tusb_inited
 .text.tu_edpt_claim
                0x10006700       0x50 CMakeFiles/FreeRTOS_Blink.dir/C_/Program_Files/Raspberry_Pi/Pico_SDK_v1.5.1/pico-sdk/lib/tinyusb/src/tusb.c.obj
                0x10006700                tu_edpt_claim
 .text.tu_edpt_release
                0x10006750       0x38 CMakeFiles/FreeRTOS_Blink.dir/C_/Program_Files/Raspberry_Pi/Pico_SDK_v1.5.1/pico-sdk/lib/tinyusb/src/tusb.c.obj
                0x10006750                tu_edpt_release
 .text.tu_edpt_validate
                0x10006788       0x78 CMakeFiles/FreeRTOS_Blink.dir/C_/Program_Files/Raspberry_Pi/Pico_SDK_v1.5.1/pico-sdk/lib/tinyusb/src/tusb.c.obj
                0x10006788                tu_edpt_validate
 .text.tu_edpt_bind_driver
                0x10006800       0x26 CMakeFiles/FreeRTOS_Blink.dir/C_/Program_Files/Raspberry_Pi/Pico_SDK_v1.5.1/pico-sdk/lib/tinyusb/src/tusb.c.obj
                0x10006800                tu_edpt_bind_driver
 .text.advance_index
                0x10006826       0x1a CMakeFiles/FreeRTOS_Blink.dir/C_/Program_Files/Raspberry_Pi/Pico_SDK_v1.5.1/pico-sdk/lib/tinyusb/src/common/tusb_fifo.c.obj
 .text._tu_fifo_peek
                0x10006840       0x56 CMakeFiles/FreeRTOS_Blink.dir/C_/Program_Files/Raspberry_Pi/Pico_SDK_v1.5.1/pico-sdk/lib/tinyusb/src/common/tusb_fifo.c.obj
 .text._ff_pull_const_addr
                0x10006896       0x4c CMakeFiles/FreeRTOS_Blink.dir/C_/Program_Files/Raspberry_Pi/Pico_SDK_v1.5.1/pico-sdk/lib/tinyusb/src/common/tusb_fifo.c.obj
 .text._ff_pull_n
                0x100068e2      0x110 CMakeFiles/FreeRTOS_Blink.dir/C_/Program_Files/Raspberry_Pi/Pico_SDK_v1.5.1/pico-sdk/lib/tinyusb/src/common/tusb_fifo.c.obj
 .text._tu_fifo_peek_n
                0x100069f2       0x6a CMakeFiles/FreeRTOS_Blink.dir/C_/Program_Files/Raspberry_Pi/Pico_SDK_v1.5.1/pico-sdk/lib/tinyusb/src/common/tusb_fifo.c.obj
 .text._tu_fifo_read_n
                0x10006a5c       0x4e CMakeFiles/FreeRTOS_Blink.dir/C_/Program_Files/Raspberry_Pi/Pico_SDK_v1.5.1/pico-sdk/lib/tinyusb/src/common/tusb_fifo.c.obj
 .text._ff_push_const_addr
                0x10006aaa       0x40 CMakeFiles/FreeRTOS_Blink.dir/C_/Program_Files/Raspberry_Pi/Pico_SDK_v1.5.1/pico-sdk/lib/tinyusb/src/common/tusb_fifo.c.obj
 .text._ff_push_n
                0x10006aea      0x10c CMakeFiles/FreeRTOS_Blink.dir/C_/Program_Files/Raspberry_Pi/Pico_SDK_v1.5.1/pico-sdk/lib/tinyusb/src/common/tusb_fifo.c.obj
 .text._tu_fifo_write_n
                0x10006bf6       0xf0 CMakeFiles/FreeRTOS_Blink.dir/C_/Program_Files/Raspberry_Pi/Pico_SDK_v1.5.1/pico-sdk/lib/tinyusb/src/common/tusb_fifo.c.obj
 .text.tu_fifo_config
                0x10006ce6       0x7c CMakeFiles/FreeRTOS_Blink.dir/C_/Program_Files/Raspberry_Pi/Pico_SDK_v1.5.1/pico-sdk/lib/tinyusb/src/common/tusb_fifo.c.obj
                0x10006ce6                tu_fifo_config
 .text.tu_fifo_count
                0x10006d62       0x2a CMakeFiles/FreeRTOS_Blink.dir/C_/Program_Files/Raspberry_Pi/Pico_SDK_v1.5.1/pico-sdk/lib/tinyusb/src/common/tusb_fifo.c.obj
                0x10006d62                tu_fifo_count
 .text.tu_fifo_empty
                0x10006d8c        0xe CMakeFiles/FreeRTOS_Blink.dir/C_/Program_Files/Raspberry_Pi/Pico_SDK_v1.5.1/pico-sdk/lib/tinyusb/src/common/tusb_fifo.c.obj
                0x10006d8c                tu_fifo_empty
 .text.tu_fifo_full
                0x10006d9a       0x28 CMakeFiles/FreeRTOS_Blink.dir/C_/Program_Files/Raspberry_Pi/Pico_SDK_v1.5.1/pico-sdk/lib/tinyusb/src/common/tusb_fifo.c.obj
                0x10006d9a                tu_fifo_full
 .text.tu_fifo_remaining
                0x10006dc2       0x2c CMakeFiles/FreeRTOS_Blink.dir/C_/Program_Files/Raspberry_Pi/Pico_SDK_v1.5.1/pico-sdk/lib/tinyusb/src/common/tusb_fifo.c.obj
                0x10006dc2                tu_fifo_remaining
 .text.tu_fifo_read
                0x10006dee       0x42 CMakeFiles/FreeRTOS_Blink.dir/C_/Program_Files/Raspberry_Pi/Pico_SDK_v1.5.1/pico-sdk/lib/tinyusb/src/common/tusb_fifo.c.obj
                0x10006dee                tu_fifo_read
 .text.tu_fifo_read_n
                0x10006e30        0xa CMakeFiles/FreeRTOS_Blink.dir/C_/Program_Files/Raspberry_Pi/Pico_SDK_v1.5.1/pico-sdk/lib/tinyusb/src/common/tusb_fifo.c.obj
                0x10006e30                tu_fifo_read_n
 .text.tu_fifo_write
                0x10006e3a       0x64 CMakeFiles/FreeRTOS_Blink.dir/C_/Program_Files/Raspberry_Pi/Pico_SDK_v1.5.1/pico-sdk/lib/tinyusb/src/common/tusb_fifo.c.obj
                0x10006e3a                tu_fifo_write
 .text.tu_fifo_write_n
                0x10006e9e        0xa CMakeFiles/FreeRTOS_Blink.dir/C_/Program_Files/Raspberry_Pi/Pico_SDK_v1.5.1/pico-sdk/lib/tinyusb/src/common/tusb_fifo.c.obj
                0x10006e9e                tu_fifo_write_n
 .text.tu_fifo_clear
                0x10006ea8       0x3e CMakeFiles/FreeRTOS_Blink.dir/C_/Program_Files/Raspberry_Pi/Pico_SDK_v1.5.1/pico-sdk/lib/tinyusb/src/common/tusb_fifo.c.obj
                0x10006ea8                tu_fifo_clear
 .text.tu_fifo_set_overwritable
                0x10006ee6       0x46 CMakeFiles/FreeRTOS_Blink.dir/C_/Program_Files/Raspberry_Pi/Pico_SDK_v1.5.1/pico-sdk/lib/tinyusb/src/common/tusb_fifo.c.obj
                0x10006ee6                tu_fifo_set_overwritable
 .text          0x10006f2c      0xf7c libFreeRTOS.a(tasks.c.obj)
                0x100071dc                xTaskCreate
                0x10007236                vTaskDelete
                0x100072b4                uxTaskPriorityGet
                0x100072d4                uxTaskPriorityGetFromISR
                0x100072f4                vTaskPrioritySet
                0x100073a0                vTaskResume
                0x10007404                xTaskResumeFromISR
                0x10007484                vTaskStartScheduler
                0x100074e0                vTaskEndScheduler
                0x100074f4                vTaskSuspendAll
                0x10007504                xTaskGetTickCount
                0x10007510                xTaskGetTickCountFromISR
                0x1000751c                uxTaskGetNumberOfTasks
                0x10007528                pcTaskGetName
                0x1000753c                xTaskIncrementTick
                0x1000760c                xTaskResumeAll
                0x100076d8                xTaskDelayUntil
                0x10007738                vTaskDelay
                0x10007758                xTaskCatchUpTicks
                0x10007774                vTaskSwitchContext
                0x100077ec                vTaskSuspend
                0x10007890                vTaskPlaceOnEventList
                0x100078ac                vTaskPlaceOnUnorderedEventList
                0x100078d4                vTaskPlaceOnEventListRestricted
                0x100078fc                xTaskRemoveFromEventList
                0x1000796c                vTaskRemoveFromUnorderedEventList
                0x100079c0                vTaskSetTimeOutState
                0x100079dc                vTaskInternalSetTimeOutState
                0x100079ec                xTaskCheckForTimeOut
                0x10007a44                vTaskMissedYield
                0x10007a50                vTaskSetThreadLocalStoragePointer
                0x10007a6c                pvTaskGetThreadLocalStoragePointer
                0x10007a8c                xTaskGetCurrentTaskHandle
                0x10007a98                xTaskGetSchedulerState
                0x10007ab8                uxTaskResetEventItemValue
                0x10007ad0                ulTaskGenericNotifyTake
                0x10007b5c                xTaskGenericNotifyWait
                0x10007bfc                xTaskGenericNotify
                0x10007cbc                xTaskGenericNotifyFromISR
                0x10007db0                vTaskGenericNotifyGiveFromISR
                0x10007e40                xTaskGenericNotifyStateClear
                0x10007e78                ulTaskGenericNotifyValueClear
 .text          0x10007ea8      0x490 libFreeRTOS.a(timers.c.obj)
                0x10007f9a                xTimerCreateTimerTask
                0x10007fd8                xTimerCreate
                0x1000800c                xTimerGenericCommand
                0x10008296                xTimerGetTimerDaemonTaskHandle
                0x100082a0                xTimerGetPeriod
                0x100082a4                vTimerSetReloadMode
                0x100082ce                uxTimerGetReloadMode
                0x100082ec                xTimerGetExpiryTime
                0x100082f0                pcTimerGetName
                0x100082f4                xTimerIsTimerActive
                0x10008312                pvTimerGetTimerID
                0x10008324                vTimerSetTimerID
 *fill*         0x10008338        0x8 
 .text          0x10008340      0x18c libFreeRTOS.a(port.c.obj)
                0x10008384                pxPortInitialiseStack
                0x100083a8                isr_svcall
                0x100083aa                vPortEndScheduler
                0x100083ac                vPortYield
                0x100083c4                vPortEnterCritical
                0x100083dc                vPortExitCritical
                0x100083f0                ulSetInterruptMaskFromISR
                0x100083f8                vClearInterruptMaskFromISR
                0x100083fe                isr_pendsv
                0x10008444                isr_systick
                0x10008468                vPortSetupTimerInterrupt
                0x10008490                xPortStartScheduler
 .text          0x100084cc      0x234 libFreeRTOS.a(heap_4.c.obj)
                0x1000856c                pvPortMalloc
                0x10008638                vPortFree
                0x1000867c                xPortGetFreeHeapSize
                0x10008688                xPortGetMinimumEverFreeHeapSize
                0x10008694                vPortInitialiseBlocks
                0x10008696                vPortGetHeapStats
 .text          0x10008700       0x86 libFreeRTOS.a(list.c.obj)
                0x10008700                vListInitialise
                0x10008716                vListInitialiseItem
                0x1000871c                vListInsertEnd
                0x10008732                vListInsert
                0x10008760                uxListRemove
 *fill*         0x10008786        0x2 
 .text          0x10008788      0x824 libFreeRTOS.a(queue.c.obj)
                0x100088b4                xQueueGenericReset
                0x10008936                xQueueGenericCreate
                0x10008964                xQueueGenericSend
                0x10008a52                xQueueGenericSendFromISR
                0x10008acc                xQueueGiveFromISR
                0x10008b30                xQueueReceive
                0x10008c1e                xQueueSemaphoreTake
                0x10008d02                xQueuePeek
                0x10008df0                xQueueReceiveFromISR
                0x10008e62                xQueuePeekFromISR
                0x10008e90                uxQueueMessagesWaiting
                0x10008ea2                uxQueueSpacesAvailable
                0x10008eb8                uxQueueMessagesWaitingFromISR
                0x10008ebc                xQueueIsQueueEmptyFromISR
                0x10008eca                xQueueIsQueueFullFromISR
                0x10008eda                vQueueAddToRegistry
                0x10008f00                pcQueueGetName
                0x10008f24                vQueueUnregisterQueue
                0x10008f4c                vQueueDelete
                0x10008f5c                vQueueWaitForMessageRestricted
 .text.strlen   0x10008fac       0x5c C:/PROGRA~1/RASPBE~1/PICOSD~1.1/GCC-AR~1/bin/../lib/gcc/arm-none-eabi/13.3.1/thumb/v6-m/nofp\libg.a(libc_a-strlen-stub.o)
                0x10008fac                strlen
 *(.fini)
 .fini          0x10009008        0x4 C:/PROGRA~1/RASPBE~1/PICOSD~1.1/GCC-AR~1/bin/../lib/gcc/arm-none-eabi/13.3.1/thumb/v6-m/nofp/crti.o
                0x10009008                _fini
 *fill*         0x1000900c        0x4 
 .fini.__stub   0x10009010       0xe0 linker stubs
 *crtbegin.o(.ctors)
 *crtbegin?.o(.ctors)
 *(EXCLUDE_FILE(*crtend.o *crtend?.o) .ctors)
 *(SORT_BY_NAME(.ctors.*))
 *(.ctors)
 *crtbegin.o(.dtors)
 *crtbegin?.o(.dtors)
 *(EXCLUDE_FILE(*crtend.o *crtend?.o) .dtors)
 *(SORT_BY_NAME(.dtors.*))
 *(.dtors)
 *(.eh_frame*)
 .eh_frame      0x100090f0        0x0 C:/PROGRA~1/RASPBE~1/PICOSD~1.1/GCC-AR~1/bin/../lib/gcc/arm-none-eabi/13.3.1/thumb/v6-m/nofp/crtbegin.o
                0x100090f0                        . = ALIGN (0x4)

.glue_7         0x100090f0        0x0
 .glue_7        0x100090f0        0x0 linker stubs

.glue_7t        0x100090f0        0x0
 .glue_7t       0x100090f0        0x0 linker stubs

.vfp11_veneer   0x100090f0        0x0
 .vfp11_veneer  0x100090f0        0x0 linker stubs

.v4_bx          0x100090f0        0x0
 .v4_bx         0x100090f0        0x0 linker stubs

.iplt           0x100090f0        0x0
 .iplt          0x100090f0        0x0 C:/PROGRA~1/RASPBE~1/PICOSD~1.1/GCC-AR~1/bin/../lib/gcc/arm-none-eabi/13.3.1/thumb/v6-m/nofp/crtbegin.o

.rodata         0x100090f0     0x1774
 *(EXCLUDE_FILE(*libm.a: *libc.a:*lib_a-mem*.o *libgcc.a:) .rodata*)
 .rodata.main.str1.4
                0x100090f0     0x109c CMakeFiles/FreeRTOS_Blink.dir/src/main.c.obj
                                 0x3a (size before relaxing)
 .rodata.gotoorigin.str1.4
                0x1000a18c        0xf CMakeFiles/FreeRTOS_Blink.dir/src/servo.c.obj
 .rodata.rotatetosensor1.str1.4
                0x1000a18c        0x4 CMakeFiles/FreeRTOS_Blink.dir/src/servo.c.obj
 .rodata.spin_lock_claim_unused.str1.4
                0x1000a18c       0x1b CMakeFiles/FreeRTOS_Blink.dir/C_/Program_Files/Raspberry_Pi/Pico_SDK_v1.5.1/pico-sdk/src/rp2_common/hardware_sync/sync.c.obj
 .rodata.resolve_branch.str1.4
                0x1000a18c       0x71 CMakeFiles/FreeRTOS_Blink.dir/C_/Program_Files/Raspberry_Pi/Pico_SDK_v1.5.1/pico-sdk/src/rp2_common/hardware_irq/irq.c.obj
 .rodata.make_branch.str1.4
                0x1000a18c       0x30 CMakeFiles/FreeRTOS_Blink.dir/C_/Program_Files/Raspberry_Pi/Pico_SDK_v1.5.1/pico-sdk/src/rp2_common/hardware_irq/irq.c.obj
 .rodata.insert_branch_and_link.str1.4
                0x1000a18c       0x10 CMakeFiles/FreeRTOS_Blink.dir/C_/Program_Files/Raspberry_Pi/Pico_SDK_v1.5.1/pico-sdk/src/rp2_common/hardware_irq/irq.c.obj
 .rodata.irq_set_exclusive_handler.str1.4
                0x1000a18c       0x36 CMakeFiles/FreeRTOS_Blink.dir/C_/Program_Files/Raspberry_Pi/Pico_SDK_v1.5.1/pico-sdk/src/rp2_common/hardware_irq/irq.c.obj
 .rodata.irq_add_shared_handler.str1.4
                0x1000a18c       0xc2 CMakeFiles/FreeRTOS_Blink.dir/C_/Program_Files/Raspberry_Pi/Pico_SDK_v1.5.1/pico-sdk/src/rp2_common/hardware_irq/irq.c.obj
 .rodata.irq_remove_handler.str1.4
                0x1000a18c       0x3a CMakeFiles/FreeRTOS_Blink.dir/C_/Program_Files/Raspberry_Pi/Pico_SDK_v1.5.1/pico-sdk/src/rp2_common/hardware_irq/irq.c.obj
 .rodata.irq_add_tail_to_free_list.str1.4
                0x1000a18c       0x3a CMakeFiles/FreeRTOS_Blink.dir/C_/Program_Files/Raspberry_Pi/Pico_SDK_v1.5.1/pico-sdk/src/rp2_common/hardware_irq/irq.c.obj
 .rodata.user_irq_claim_unused.str1.4
                0x1000a18c       0x1b CMakeFiles/FreeRTOS_Blink.dir/C_/Program_Files/Raspberry_Pi/Pico_SDK_v1.5.1/pico-sdk/src/rp2_common/hardware_irq/irq.c.obj
 .rodata.__func__.0
                0x1000a18c       0x1a CMakeFiles/FreeRTOS_Blink.dir/C_/Program_Files/Raspberry_Pi/Pico_SDK_v1.5.1/pico-sdk/src/rp2_common/hardware_irq/irq.c.obj
 *fill*         0x1000a1a6        0x2 
 .rodata.__func__.1
                0x1000a1a8       0x17 CMakeFiles/FreeRTOS_Blink.dir/C_/Program_Files/Raspberry_Pi/Pico_SDK_v1.5.1/pico-sdk/src/rp2_common/hardware_irq/irq.c.obj
 *fill*         0x1000a1bf        0x1 
 .rodata.__func__.2
                0x1000a1c0       0x13 CMakeFiles/FreeRTOS_Blink.dir/C_/Program_Files/Raspberry_Pi/Pico_SDK_v1.5.1/pico-sdk/src/rp2_common/hardware_irq/irq.c.obj
 *fill*         0x1000a1d3        0x1 
 .rodata.__func__.3
                0x1000a1d4        0xc CMakeFiles/FreeRTOS_Blink.dir/C_/Program_Files/Raspberry_Pi/Pico_SDK_v1.5.1/pico-sdk/src/rp2_common/hardware_irq/irq.c.obj
 .rodata.__func__.4
                0x1000a1e0        0xf CMakeFiles/FreeRTOS_Blink.dir/C_/Program_Files/Raspberry_Pi/Pico_SDK_v1.5.1/pico-sdk/src/rp2_common/hardware_irq/irq.c.obj
 *fill*         0x1000a1ef        0x1 
 .rodata.__func__.5
                0x1000a1f0       0x17 CMakeFiles/FreeRTOS_Blink.dir/C_/Program_Files/Raspberry_Pi/Pico_SDK_v1.5.1/pico-sdk/src/rp2_common/hardware_irq/irq.c.obj
 *fill*         0x1000a207        0x1 
 .rodata.__func__.6
                0x1000a208       0x1a CMakeFiles/FreeRTOS_Blink.dir/C_/Program_Files/Raspberry_Pi/Pico_SDK_v1.5.1/pico-sdk/src/rp2_common/hardware_irq/irq.c.obj
 .rodata.update_us_since_boot.str1.4
                0x1000a222       0x7d CMakeFiles/FreeRTOS_Blink.dir/C_/Program_Files/Raspberry_Pi/Pico_SDK_v1.5.1/pico-sdk/src/common/pico_sync/mutex.c.obj
 .rodata.str1.4
                0x1000a222       0xa5 CMakeFiles/FreeRTOS_Blink.dir/C_/Program_Files/Raspberry_Pi/Pico_SDK_v1.5.1/pico-sdk/src/common/pico_sync/mutex.c.obj
 *fill*         0x1000a222        0x2 
 .rodata.__func__.1
                0x1000a224        0xb CMakeFiles/FreeRTOS_Blink.dir/C_/Program_Files/Raspberry_Pi/Pico_SDK_v1.5.1/pico-sdk/src/common/pico_sync/mutex.c.obj
 *fill*         0x1000a22f        0x1 
 .rodata.__func__.3
                0x1000a230       0x18 CMakeFiles/FreeRTOS_Blink.dir/C_/Program_Files/Raspberry_Pi/Pico_SDK_v1.5.1/pico-sdk/src/common/pico_sync/mutex.c.obj
 .rodata.__func__.4
                0x1000a248       0x15 CMakeFiles/FreeRTOS_Blink.dir/C_/Program_Files/Raspberry_Pi/Pico_SDK_v1.5.1/pico-sdk/src/common/pico_sync/mutex.c.obj
 .rodata.get_entry.str1.4
                0x1000a25d       0x77 CMakeFiles/FreeRTOS_Blink.dir/C_/Program_Files/Raspberry_Pi/Pico_SDK_v1.5.1/pico-sdk/src/common/pico_time/time.c.obj
 .rodata.update_us_since_boot.str1.4
                0x1000a25d       0x7d CMakeFiles/FreeRTOS_Blink.dir/C_/Program_Files/Raspberry_Pi/Pico_SDK_v1.5.1/pico-sdk/src/common/pico_time/time.c.obj
 .rodata.ph_get_node.str1.4
                0x1000a25d       0x82 CMakeFiles/FreeRTOS_Blink.dir/C_/Program_Files/Raspberry_Pi/Pico_SDK_v1.5.1/pico-sdk/src/common/pico_time/time.c.obj
 .rodata.ph_add_child_node.str1.4
                0x1000a25d       0x2e CMakeFiles/FreeRTOS_Blink.dir/C_/Program_Files/Raspberry_Pi/Pico_SDK_v1.5.1/pico-sdk/src/common/pico_time/time.c.obj
 .rodata.ph_insert_node.str1.4
                0x1000a25d        0x3 CMakeFiles/FreeRTOS_Blink.dir/C_/Program_Files/Raspberry_Pi/Pico_SDK_v1.5.1/pico-sdk/src/common/pico_time/time.c.obj
 .rodata.ph_free_node.str1.4
                0x1000a25d       0x38 CMakeFiles/FreeRTOS_Blink.dir/C_/Program_Files/Raspberry_Pi/Pico_SDK_v1.5.1/pico-sdk/src/common/pico_time/time.c.obj
 .rodata.add_alarm_under_lock.str1.4
                0x1000a25d       0x28 CMakeFiles/FreeRTOS_Blink.dir/C_/Program_Files/Raspberry_Pi/Pico_SDK_v1.5.1/pico-sdk/src/common/pico_time/time.c.obj
 .rodata.alarm_pool_alarm_callback.str1.4
                0x1000a25d       0x60 CMakeFiles/FreeRTOS_Blink.dir/C_/Program_Files/Raspberry_Pi/Pico_SDK_v1.5.1/pico-sdk/src/common/pico_time/time.c.obj
 .rodata.alarm_pool_get_default.str1.4
                0x1000a25d       0x21 CMakeFiles/FreeRTOS_Blink.dir/C_/Program_Files/Raspberry_Pi/Pico_SDK_v1.5.1/pico-sdk/src/common/pico_time/time.c.obj
 .rodata.alarm_pool_cancel_alarm.str1.4
                0x1000a25d       0x27 CMakeFiles/FreeRTOS_Blink.dir/C_/Program_Files/Raspberry_Pi/Pico_SDK_v1.5.1/pico-sdk/src/common/pico_time/time.c.obj
 .rodata.sleep_until.str1.4
                0x1000a25d       0x4d CMakeFiles/FreeRTOS_Blink.dir/C_/Program_Files/Raspberry_Pi/Pico_SDK_v1.5.1/pico-sdk/src/common/pico_time/time.c.obj
 *fill*         0x1000a25d        0x3 
 .rodata.__func__.1
                0x1000a260       0x18 CMakeFiles/FreeRTOS_Blink.dir/C_/Program_Files/Raspberry_Pi/Pico_SDK_v1.5.1/pico-sdk/src/common/pico_time/time.c.obj
 .rodata.__func__.3
                0x1000a278       0x17 CMakeFiles/FreeRTOS_Blink.dir/C_/Program_Files/Raspberry_Pi/Pico_SDK_v1.5.1/pico-sdk/src/common/pico_time/time.c.obj
 *fill*         0x1000a28f        0x1 
 .rodata.__func__.4
                0x1000a290       0x12 CMakeFiles/FreeRTOS_Blink.dir/C_/Program_Files/Raspberry_Pi/Pico_SDK_v1.5.1/pico-sdk/src/common/pico_time/time.c.obj
 *fill*         0x1000a2a2        0x2 
 .rodata.__func__.5
                0x1000a2a4        0xd CMakeFiles/FreeRTOS_Blink.dir/C_/Program_Files/Raspberry_Pi/Pico_SDK_v1.5.1/pico-sdk/src/common/pico_time/time.c.obj
 *fill*         0x1000a2b1        0x3 
 .rodata.__func__.6
                0x1000a2b4       0x12 CMakeFiles/FreeRTOS_Blink.dir/C_/Program_Files/Raspberry_Pi/Pico_SDK_v1.5.1/pico-sdk/src/common/pico_time/time.c.obj
 *fill*         0x1000a2c6        0x2 
 .rodata.__func__.7
                0x1000a2c8        0xf CMakeFiles/FreeRTOS_Blink.dir/C_/Program_Files/Raspberry_Pi/Pico_SDK_v1.5.1/pico-sdk/src/common/pico_time/time.c.obj
 *fill*         0x1000a2d7        0x1 
 .rodata.__func__.8
                0x1000a2d8        0xc CMakeFiles/FreeRTOS_Blink.dir/C_/Program_Files/Raspberry_Pi/Pico_SDK_v1.5.1/pico-sdk/src/common/pico_time/time.c.obj
 .rodata.__func__.9
                0x1000a2e4       0x15 CMakeFiles/FreeRTOS_Blink.dir/C_/Program_Files/Raspberry_Pi/Pico_SDK_v1.5.1/pico-sdk/src/common/pico_time/time.c.obj
 *fill*         0x1000a2f9        0x3 
 .rodata.__func__.10
                0x1000a2fc       0x15 CMakeFiles/FreeRTOS_Blink.dir/C_/Program_Files/Raspberry_Pi/Pico_SDK_v1.5.1/pico-sdk/src/common/pico_time/time.c.obj
 *fill*         0x1000a311        0x3 
 .rodata.__func__.11
                0x1000a314       0x1a CMakeFiles/FreeRTOS_Blink.dir/C_/Program_Files/Raspberry_Pi/Pico_SDK_v1.5.1/pico-sdk/src/common/pico_time/time.c.obj
 *fill*         0x1000a32e        0x2 
 .rodata.__func__.12
                0x1000a330        0xa CMakeFiles/FreeRTOS_Blink.dir/C_/Program_Files/Raspberry_Pi/Pico_SDK_v1.5.1/pico-sdk/src/common/pico_time/time.c.obj
 .rodata.hardware_alarm_claim.str1.4
                0x1000a33a       0x22 CMakeFiles/FreeRTOS_Blink.dir/C_/Program_Files/Raspberry_Pi/Pico_SDK_v1.5.1/pico-sdk/src/rp2_common/hardware_timer/timer.c.obj
 .rodata.hardware_alarm_set_target.str1.4
                0x1000a33a       0x81 CMakeFiles/FreeRTOS_Blink.dir/C_/Program_Files/Raspberry_Pi/Pico_SDK_v1.5.1/pico-sdk/src/rp2_common/hardware_timer/timer.c.obj
 *fill*         0x1000a33a        0x2 
 .rodata.__func__.0
                0x1000a33c       0x1a CMakeFiles/FreeRTOS_Blink.dir/C_/Program_Files/Raspberry_Pi/Pico_SDK_v1.5.1/pico-sdk/src/rp2_common/hardware_timer/timer.c.obj
 .rodata.ph_get_node.str1.4
                0x1000a356       0x82 CMakeFiles/FreeRTOS_Blink.dir/C_/Program_Files/Raspberry_Pi/Pico_SDK_v1.5.1/pico-sdk/src/common/pico_util/pheap.c.obj
 .rodata.ph_add_child_node.str1.4
                0x1000a356       0x2e CMakeFiles/FreeRTOS_Blink.dir/C_/Program_Files/Raspberry_Pi/Pico_SDK_v1.5.1/pico-sdk/src/common/pico_util/pheap.c.obj
 .rodata.ph_remove_any_head.str1.4
                0x1000a356       0xbc CMakeFiles/FreeRTOS_Blink.dir/C_/Program_Files/Raspberry_Pi/Pico_SDK_v1.5.1/pico-sdk/src/common/pico_util/pheap.c.obj
 .rodata.ph_remove_and_free_node.str1.4
                0x1000a356       0x26 CMakeFiles/FreeRTOS_Blink.dir/C_/Program_Files/Raspberry_Pi/Pico_SDK_v1.5.1/pico-sdk/src/common/pico_util/pheap.c.obj
 *fill*         0x1000a356        0x2 
 .rodata.__func__.0
                0x1000a358       0x18 CMakeFiles/FreeRTOS_Blink.dir/C_/Program_Files/Raspberry_Pi/Pico_SDK_v1.5.1/pico-sdk/src/common/pico_util/pheap.c.obj
 .rodata.__func__.1
                0x1000a370       0x13 CMakeFiles/FreeRTOS_Blink.dir/C_/Program_Files/Raspberry_Pi/Pico_SDK_v1.5.1/pico-sdk/src/common/pico_util/pheap.c.obj
 *fill*         0x1000a383        0x1 
 .rodata.__func__.2
                0x1000a384       0x12 CMakeFiles/FreeRTOS_Blink.dir/C_/Program_Files/Raspberry_Pi/Pico_SDK_v1.5.1/pico-sdk/src/common/pico_util/pheap.c.obj
 *fill*         0x1000a396        0x2 
 .rodata.__func__.3
                0x1000a398        0xc CMakeFiles/FreeRTOS_Blink.dir/C_/Program_Files/Raspberry_Pi/Pico_SDK_v1.5.1/pico-sdk/src/common/pico_util/pheap.c.obj
 .rodata.clock_configure.str1.4
                0x1000a3a4       0x73 CMakeFiles/FreeRTOS_Blink.dir/C_/Program_Files/Raspberry_Pi/Pico_SDK_v1.5.1/pico-sdk/src/rp2_common/hardware_clocks/clocks.c.obj
 .rodata.__func__.1
                0x1000a3a4       0x10 CMakeFiles/FreeRTOS_Blink.dir/C_/Program_Files/Raspberry_Pi/Pico_SDK_v1.5.1/pico-sdk/src/rp2_common/hardware_clocks/clocks.c.obj
 .rodata.pll_init.str1.4
                0x1000a3b4      0x140 CMakeFiles/FreeRTOS_Blink.dir/C_/Program_Files/Raspberry_Pi/Pico_SDK_v1.5.1/pico-sdk/src/rp2_common/hardware_pll/pll.c.obj
 .rodata.__func__.0
                0x1000a3b4        0x9 CMakeFiles/FreeRTOS_Blink.dir/C_/Program_Files/Raspberry_Pi/Pico_SDK_v1.5.1/pico-sdk/src/rp2_common/hardware_pll/pll.c.obj
 .rodata.__assert_func.str1.4
                0x1000a3bd       0x43 CMakeFiles/FreeRTOS_Blink.dir/C_/Program_Files/Raspberry_Pi/Pico_SDK_v1.5.1/pico-sdk/src/rp2_common/pico_runtime/runtime.c.obj
 .rodata.runtime_init.str1.4
                0x1000a3bd       0x7d CMakeFiles/FreeRTOS_Blink.dir/C_/Program_Files/Raspberry_Pi/Pico_SDK_v1.5.1/pico-sdk/src/rp2_common/pico_runtime/runtime.c.obj
 .rodata.panic.str1.4
                0x1000a3bd       0x12 CMakeFiles/FreeRTOS_Blink.dir/C_/Program_Files/Raspberry_Pi/Pico_SDK_v1.5.1/pico-sdk/src/rp2_common/pico_runtime/runtime.c.obj
 *fill*         0x1000a3bd        0x3 
 .rodata.__func__.2
                0x1000a3c0        0xd CMakeFiles/FreeRTOS_Blink.dir/C_/Program_Files/Raspberry_Pi/Pico_SDK_v1.5.1/pico-sdk/src/rp2_common/pico_runtime/runtime.c.obj
 .rodata._ftoa.str1.4
                0x1000a3cd       0x15 CMakeFiles/FreeRTOS_Blink.dir/C_/Program_Files/Raspberry_Pi/Pico_SDK_v1.5.1/pico-sdk/src/rp2_common/pico_printf/printf.c.obj
 *fill*         0x1000a3cd        0x3 
 .rodata._vsnprintf
                0x1000a3d0      0x19c CMakeFiles/FreeRTOS_Blink.dir/C_/Program_Files/Raspberry_Pi/Pico_SDK_v1.5.1/pico-sdk/src/rp2_common/pico_printf/printf.c.obj
 *fill*         0x1000a56c        0x4 
 .rodata.pow10.0
                0x1000a570       0x50 CMakeFiles/FreeRTOS_Blink.dir/C_/Program_Files/Raspberry_Pi/Pico_SDK_v1.5.1/pico-sdk/src/rp2_common/pico_printf/printf.c.obj
 .rodata.__aeabi_double_init.str1.4
                0x1000a5c0       0xb8 CMakeFiles/FreeRTOS_Blink.dir/C_/Program_Files/Raspberry_Pi/Pico_SDK_v1.5.1/pico-sdk/src/rp2_common/pico_double/double_init_rom.c.obj
 .rodata.__func__.0
                0x1000a5c0       0x14 CMakeFiles/FreeRTOS_Blink.dir/C_/Program_Files/Raspberry_Pi/Pico_SDK_v1.5.1/pico-sdk/src/rp2_common/pico_double/double_init_rom.c.obj
 .rodata.__aeabi_float_init.str1.4
                0x1000a5d4       0x9a CMakeFiles/FreeRTOS_Blink.dir/C_/Program_Files/Raspberry_Pi/Pico_SDK_v1.5.1/pico-sdk/src/rp2_common/pico_float/float_init_rom.c.obj
 .rodata.__func__.0